<!doctype html public "-//w3c//dtd html 4.0 transitional//en">
<html><head>
<title>Static Call Graph - [.\Objects\STM32F4_STD_PRO_MODE.axf]</title></head>
<body><HR>
<H1>Static Call Graph for image .\Objects\STM32F4_STD_PRO_MODE.axf</H1><HR>
<BR><P>#&#060CALLGRAPH&#062# ARM Linker, 5060750: Last Updated: Mon Sep 28 18:21:04 2020
<BR><P>
<H3>Maximum Stack Usage =         96 bytes + Unknown(Cycles, Untraceable Function Pointers)</H3><H3>
Call chain for Maximum Stack Depth:</H3>
main &rArr; Get_Random_Num
<P>
<H3>
Mutually Recursive functions
</H3> <LI><a href="#[1c]">ADC_IRQHandler</a>&nbsp;&nbsp;&nbsp;&rArr;&nbsp;&nbsp;&nbsp;<a href="#[1c]">ADC_IRQHandler</a><BR>
</UL>
<P>
<H3>
Function Pointers
</H3><UL>
 <LI><a href="#[1c]">ADC_IRQHandler</a> from startup_stm32f410xx.o(.text) referenced from startup_stm32f410xx.o(RESET)
 <LI><a href="#[4]">BusFault_Handler</a> from stm32f4xx_it.o(i.BusFault_Handler) referenced from startup_stm32f410xx.o(RESET)
 <LI><a href="#[15]">DMA1_Stream0_IRQHandler</a> from startup_stm32f410xx.o(.text) referenced from startup_stm32f410xx.o(RESET)
 <LI><a href="#[16]">DMA1_Stream1_IRQHandler</a> from startup_stm32f410xx.o(.text) referenced from startup_stm32f410xx.o(RESET)
 <LI><a href="#[17]">DMA1_Stream2_IRQHandler</a> from startup_stm32f410xx.o(.text) referenced from startup_stm32f410xx.o(RESET)
 <LI><a href="#[18]">DMA1_Stream3_IRQHandler</a> from startup_stm32f410xx.o(.text) referenced from startup_stm32f410xx.o(RESET)
 <LI><a href="#[19]">DMA1_Stream4_IRQHandler</a> from startup_stm32f410xx.o(.text) referenced from startup_stm32f410xx.o(RESET)
 <LI><a href="#[1a]">DMA1_Stream5_IRQHandler</a> from startup_stm32f410xx.o(.text) referenced from startup_stm32f410xx.o(RESET)
 <LI><a href="#[1b]">DMA1_Stream6_IRQHandler</a> from startup_stm32f410xx.o(.text) referenced from startup_stm32f410xx.o(RESET)
 <LI><a href="#[2c]">DMA1_Stream7_IRQHandler</a> from startup_stm32f410xx.o(.text) referenced from startup_stm32f410xx.o(RESET)
 <LI><a href="#[2f]">DMA2_Stream0_IRQHandler</a> from startup_stm32f410xx.o(.text) referenced from startup_stm32f410xx.o(RESET)
 <LI><a href="#[30]">DMA2_Stream1_IRQHandler</a> from startup_stm32f410xx.o(.text) referenced from startup_stm32f410xx.o(RESET)
 <LI><a href="#[31]">DMA2_Stream2_IRQHandler</a> from startup_stm32f410xx.o(.text) referenced from startup_stm32f410xx.o(RESET)
 <LI><a href="#[32]">DMA2_Stream3_IRQHandler</a> from startup_stm32f410xx.o(.text) referenced from startup_stm32f410xx.o(RESET)
 <LI><a href="#[33]">DMA2_Stream4_IRQHandler</a> from startup_stm32f410xx.o(.text) referenced from startup_stm32f410xx.o(RESET)
 <LI><a href="#[34]">DMA2_Stream5_IRQHandler</a> from startup_stm32f410xx.o(.text) referenced from startup_stm32f410xx.o(RESET)
 <LI><a href="#[35]">DMA2_Stream6_IRQHandler</a> from startup_stm32f410xx.o(.text) referenced from startup_stm32f410xx.o(RESET)
 <LI><a href="#[36]">DMA2_Stream7_IRQHandler</a> from startup_stm32f410xx.o(.text) referenced from startup_stm32f410xx.o(RESET)
 <LI><a href="#[7]">DebugMon_Handler</a> from stm32f4xx_it.o(i.DebugMon_Handler) referenced from startup_stm32f410xx.o(RESET)
 <LI><a href="#[10]">EXTI0_IRQHandler</a> from startup_stm32f410xx.o(.text) referenced from startup_stm32f410xx.o(RESET)
 <LI><a href="#[2a]">EXTI15_10_IRQHandler</a> from startup_stm32f410xx.o(.text) referenced from startup_stm32f410xx.o(RESET)
 <LI><a href="#[11]">EXTI1_IRQHandler</a> from startup_stm32f410xx.o(.text) referenced from startup_stm32f410xx.o(RESET)
 <LI><a href="#[12]">EXTI2_IRQHandler</a> from startup_stm32f410xx.o(.text) referenced from startup_stm32f410xx.o(RESET)
 <LI><a href="#[13]">EXTI3_IRQHandler</a> from startup_stm32f410xx.o(.text) referenced from startup_stm32f410xx.o(RESET)
 <LI><a href="#[14]">EXTI4_IRQHandler</a> from startup_stm32f410xx.o(.text) referenced from startup_stm32f410xx.o(RESET)
 <LI><a href="#[1d]">EXTI9_5_IRQHandler</a> from startup_stm32f410xx.o(.text) referenced from startup_stm32f410xx.o(RESET)
 <LI><a href="#[e]">FLASH_IRQHandler</a> from startup_stm32f410xx.o(.text) referenced from startup_stm32f410xx.o(RESET)
 <LI><a href="#[3c]">FMPI2C1_ER_IRQHandler</a> from startup_stm32f410xx.o(.text) referenced from startup_stm32f410xx.o(RESET)
 <LI><a href="#[3b]">FMPI2C1_EV_IRQHandler</a> from startup_stm32f410xx.o(.text) referenced from startup_stm32f410xx.o(RESET)
 <LI><a href="#[39]">FPU_IRQHandler</a> from startup_stm32f410xx.o(.text) referenced from startup_stm32f410xx.o(RESET)
 <LI><a href="#[2]">HardFault_Handler</a> from stm32f4xx_it.o(i.HardFault_Handler) referenced from startup_stm32f410xx.o(RESET)
 <LI><a href="#[23]">I2C1_ER_IRQHandler</a> from startup_stm32f410xx.o(.text) referenced from startup_stm32f410xx.o(RESET)
 <LI><a href="#[22]">I2C1_EV_IRQHandler</a> from startup_stm32f410xx.o(.text) referenced from startup_stm32f410xx.o(RESET)
 <LI><a href="#[25]">I2C2_ER_IRQHandler</a> from startup_stm32f410xx.o(.text) referenced from startup_stm32f410xx.o(RESET)
 <LI><a href="#[24]">I2C2_EV_IRQHandler</a> from startup_stm32f410xx.o(.text) referenced from startup_stm32f410xx.o(RESET)
 <LI><a href="#[3d]">LPTIM1_IRQHandler</a> from startup_stm32f410xx.o(.text) referenced from startup_stm32f410xx.o(RESET)
 <LI><a href="#[3]">MemManage_Handler</a> from stm32f4xx_it.o(i.MemManage_Handler) referenced from startup_stm32f410xx.o(RESET)
 <LI><a href="#[1]">NMI_Handler</a> from stm32f4xx_it.o(i.NMI_Handler) referenced from startup_stm32f410xx.o(RESET)
 <LI><a href="#[b]">PVD_IRQHandler</a> from startup_stm32f410xx.o(.text) referenced from startup_stm32f410xx.o(RESET)
 <LI><a href="#[8]">PendSV_Handler</a> from stm32f4xx_it.o(i.PendSV_Handler) referenced from startup_stm32f410xx.o(RESET)
 <LI><a href="#[f]">RCC_IRQHandler</a> from startup_stm32f410xx.o(.text) referenced from startup_stm32f410xx.o(RESET)
 <LI><a href="#[38]">RNG_IRQHandler</a> from startup_stm32f410xx.o(.text) referenced from startup_stm32f410xx.o(RESET)
 <LI><a href="#[2b]">RTC_Alarm_IRQHandler</a> from startup_stm32f410xx.o(.text) referenced from startup_stm32f410xx.o(RESET)
 <LI><a href="#[d]">RTC_WKUP_IRQHandler</a> from startup_stm32f410xx.o(.text) referenced from startup_stm32f410xx.o(RESET)
 <LI><a href="#[0]">Reset_Handler</a> from startup_stm32f410xx.o(.text) referenced from startup_stm32f410xx.o(RESET)
 <LI><a href="#[26]">SPI1_IRQHandler</a> from startup_stm32f410xx.o(.text) referenced from startup_stm32f410xx.o(RESET)
 <LI><a href="#[27]">SPI2_IRQHandler</a> from startup_stm32f410xx.o(.text) referenced from startup_stm32f410xx.o(RESET)
 <LI><a href="#[3a]">SPI5_IRQHandler</a> from startup_stm32f410xx.o(.text) referenced from startup_stm32f410xx.o(RESET)
 <LI><a href="#[6]">SVC_Handler</a> from stm32f4xx_it.o(i.SVC_Handler) referenced from startup_stm32f410xx.o(RESET)
 <LI><a href="#[9]">SysTick_Handler</a> from stm32f4xx_it.o(i.SysTick_Handler) referenced from startup_stm32f410xx.o(RESET)
 <LI><a href="#[3f]">SystemInit</a> from system_stm32f4xx.o(i.SystemInit) referenced from startup_stm32f410xx.o(.text)
 <LI><a href="#[c]">TAMP_STAMP_IRQHandler</a> from startup_stm32f410xx.o(.text) referenced from startup_stm32f410xx.o(RESET)
 <LI><a href="#[1e]">TIM1_BRK_TIM9_IRQHandler</a> from startup_stm32f410xx.o(.text) referenced from startup_stm32f410xx.o(RESET)
 <LI><a href="#[21]">TIM1_CC_IRQHandler</a> from startup_stm32f410xx.o(.text) referenced from startup_stm32f410xx.o(RESET)
 <LI><a href="#[20]">TIM1_TRG_COM_TIM11_IRQHandler</a> from startup_stm32f410xx.o(.text) referenced from startup_stm32f410xx.o(RESET)
 <LI><a href="#[1f]">TIM1_UP_IRQHandler</a> from startup_stm32f410xx.o(.text) referenced from startup_stm32f410xx.o(RESET)
 <LI><a href="#[2d]">TIM5_IRQHandler</a> from startup_stm32f410xx.o(.text) referenced from startup_stm32f410xx.o(RESET)
 <LI><a href="#[2e]">TIM6_DAC_IRQHandler</a> from startup_stm32f410xx.o(.text) referenced from startup_stm32f410xx.o(RESET)
 <LI><a href="#[28]">USART1_IRQHandler</a> from startup_stm32f410xx.o(.text) referenced from startup_stm32f410xx.o(RESET)
 <LI><a href="#[29]">USART2_IRQHandler</a> from startup_stm32f410xx.o(.text) referenced from startup_stm32f410xx.o(RESET)
 <LI><a href="#[37]">USART6_IRQHandler</a> from startup_stm32f410xx.o(.text) referenced from startup_stm32f410xx.o(RESET)
 <LI><a href="#[5]">UsageFault_Handler</a> from stm32f4xx_it.o(i.UsageFault_Handler) referenced from startup_stm32f410xx.o(RESET)
 <LI><a href="#[a]">WWDG_IRQHandler</a> from startup_stm32f410xx.o(.text) referenced from startup_stm32f410xx.o(RESET)
 <LI><a href="#[40]">__main</a> from entry.o(.ARM.Collect$$$$00000000) referenced from startup_stm32f410xx.o(.text)
 <LI><a href="#[3e]">main</a> from main.o(i.main) referenced from entry9a.o(.ARM.Collect$$$$0000000B)
</UL>
<P>
<H3>
Global Symbols
</H3>
<P><STRONG><a name="[40]"></a>__main</STRONG> (Thumb, 0 bytes, Stack size unknown bytes, entry.o(.ARM.Collect$$$$00000000))
<BR>[Address Reference Count : 1]<UL><LI> startup_stm32f410xx.o(.text)
</UL>
<P><STRONG><a name="[50]"></a>_main_stk</STRONG> (Thumb, 0 bytes, Stack size unknown bytes, entry2.o(.ARM.Collect$$$$00000001))

<P><STRONG><a name="[41]"></a>_main_scatterload</STRONG> (Thumb, 0 bytes, Stack size unknown bytes, entry5.o(.ARM.Collect$$$$00000004))
<BR><BR>[Calls]<UL><LI><a href="#[42]">&gt;&gt;</a>&nbsp;&nbsp;&nbsp;__scatterload
</UL>

<P><STRONG><a name="[43]"></a>__main_after_scatterload</STRONG> (Thumb, 0 bytes, Stack size unknown bytes, entry5.o(.ARM.Collect$$$$00000004))
<BR><BR>[Called By]<UL><LI><a href="#[42]">&gt;&gt;</a>&nbsp;&nbsp;&nbsp;__scatterload
</UL>

<P><STRONG><a name="[51]"></a>_main_clock</STRONG> (Thumb, 0 bytes, Stack size unknown bytes, entry7b.o(.ARM.Collect$$$$00000008))

<P><STRONG><a name="[52]"></a>_main_cpp_init</STRONG> (Thumb, 0 bytes, Stack size unknown bytes, entry8b.o(.ARM.Collect$$$$0000000A))

<P><STRONG><a name="[53]"></a>_main_init</STRONG> (Thumb, 0 bytes, Stack size unknown bytes, entry9a.o(.ARM.Collect$$$$0000000B))

<P><STRONG><a name="[54]"></a>__rt_final_cpp</STRONG> (Thumb, 0 bytes, Stack size unknown bytes, entry10a.o(.ARM.Collect$$$$0000000D))

<P><STRONG><a name="[55]"></a>__rt_final_exit</STRONG> (Thumb, 0 bytes, Stack size unknown bytes, entry11a.o(.ARM.Collect$$$$0000000F))

<P><STRONG><a name="[0]"></a>Reset_Handler</STRONG> (Thumb, 8 bytes, Stack size 0 bytes, startup_stm32f410xx.o(.text))
<BR>[Address Reference Count : 1]<UL><LI> startup_stm32f410xx.o(RESET)
</UL>
<P><STRONG><a name="[1c]"></a>ADC_IRQHandler</STRONG> (Thumb, 0 bytes, Stack size 0 bytes, startup_stm32f410xx.o(.text))
<BR><BR>[Calls]<UL><LI><a href="#[1c]">&gt;&gt;</a>&nbsp;&nbsp;&nbsp;ADC_IRQHandler
</UL>
<BR>[Called By]<UL><LI><a href="#[1c]">&gt;&gt;</a>&nbsp;&nbsp;&nbsp;ADC_IRQHandler
</UL>
<BR>[Address Reference Count : 1]<UL><LI> startup_stm32f410xx.o(RESET)
</UL>
<P><STRONG><a name="[15]"></a>DMA1_Stream0_IRQHandler</STRONG> (Thumb, 0 bytes, Stack size 0 bytes, startup_stm32f410xx.o(.text))
<BR>[Address Reference Count : 1]<UL><LI> startup_stm32f410xx.o(RESET)
</UL>
<P><STRONG><a name="[16]"></a>DMA1_Stream1_IRQHandler</STRONG> (Thumb, 0 bytes, Stack size 0 bytes, startup_stm32f410xx.o(.text))
<BR>[Address Reference Count : 1]<UL><LI> startup_stm32f410xx.o(RESET)
</UL>
<P><STRONG><a name="[17]"></a>DMA1_Stream2_IRQHandler</STRONG> (Thumb, 0 bytes, Stack size 0 bytes, startup_stm32f410xx.o(.text))
<BR>[Address Reference Count : 1]<UL><LI> startup_stm32f410xx.o(RESET)
</UL>
<P><STRONG><a name="[18]"></a>DMA1_Stream3_IRQHandler</STRONG> (Thumb, 0 bytes, Stack size 0 bytes, startup_stm32f410xx.o(.text))
<BR>[Address Reference Count : 1]<UL><LI> startup_stm32f410xx.o(RESET)
</UL>
<P><STRONG><a name="[19]"></a>DMA1_Stream4_IRQHandler</STRONG> (Thumb, 0 bytes, Stack size 0 bytes, startup_stm32f410xx.o(.text))
<BR>[Address Reference Count : 1]<UL><LI> startup_stm32f410xx.o(RESET)
</UL>
<P><STRONG><a name="[1a]"></a>DMA1_Stream5_IRQHandler</STRONG> (Thumb, 0 bytes, Stack size 0 bytes, startup_stm32f410xx.o(.text))
<BR>[Address Reference Count : 1]<UL><LI> startup_stm32f410xx.o(RESET)
</UL>
<P><STRONG><a name="[1b]"></a>DMA1_Stream6_IRQHandler</STRONG> (Thumb, 0 bytes, Stack size 0 bytes, startup_stm32f410xx.o(.text))
<BR>[Address Reference Count : 1]<UL><LI> startup_stm32f410xx.o(RESET)
</UL>
<P><STRONG><a name="[2c]"></a>DMA1_Stream7_IRQHandler</STRONG> (Thumb, 0 bytes, Stack size 0 bytes, startup_stm32f410xx.o(.text))
<BR>[Address Reference Count : 1]<UL><LI> startup_stm32f410xx.o(RESET)
</UL>
<P><STRONG><a name="[2f]"></a>DMA2_Stream0_IRQHandler</STRONG> (Thumb, 0 bytes, Stack size 0 bytes, startup_stm32f410xx.o(.text))
<BR>[Address Reference Count : 1]<UL><LI> startup_stm32f410xx.o(RESET)
</UL>
<P><STRONG><a name="[30]"></a>DMA2_Stream1_IRQHandler</STRONG> (Thumb, 0 bytes, Stack size 0 bytes, startup_stm32f410xx.o(.text))
<BR>[Address Reference Count : 1]<UL><LI> startup_stm32f410xx.o(RESET)
</UL>
<P><STRONG><a name="[31]"></a>DMA2_Stream2_IRQHandler</STRONG> (Thumb, 0 bytes, Stack size 0 bytes, startup_stm32f410xx.o(.text))
<BR>[Address Reference Count : 1]<UL><LI> startup_stm32f410xx.o(RESET)
</UL>
<P><STRONG><a name="[32]"></a>DMA2_Stream3_IRQHandler</STRONG> (Thumb, 0 bytes, Stack size 0 bytes, startup_stm32f410xx.o(.text))
<BR>[Address Reference Count : 1]<UL><LI> startup_stm32f410xx.o(RESET)
</UL>
<P><STRONG><a name="[33]"></a>DMA2_Stream4_IRQHandler</STRONG> (Thumb, 0 bytes, Stack size 0 bytes, startup_stm32f410xx.o(.text))
<BR>[Address Reference Count : 1]<UL><LI> startup_stm32f410xx.o(RESET)
</UL>
<P><STRONG><a name="[34]"></a>DMA2_Stream5_IRQHandler</STRONG> (Thumb, 0 bytes, Stack size 0 bytes, startup_stm32f410xx.o(.text))
<BR>[Address Reference Count : 1]<UL><LI> startup_stm32f410xx.o(RESET)
</UL>
<P><STRONG><a name="[35]"></a>DMA2_Stream6_IRQHandler</STRONG> (Thumb, 0 bytes, Stack size 0 bytes, startup_stm32f410xx.o(.text))
<BR>[Address Reference Count : 1]<UL><LI> startup_stm32f410xx.o(RESET)
</UL>
<P><STRONG><a name="[36]"></a>DMA2_Stream7_IRQHandler</STRONG> (Thumb, 0 bytes, Stack size 0 bytes, startup_stm32f410xx.o(.text))
<BR>[Address Reference Count : 1]<UL><LI> startup_stm32f410xx.o(RESET)
</UL>
<P><STRONG><a name="[10]"></a>EXTI0_IRQHandler</STRONG> (Thumb, 0 bytes, Stack size 0 bytes, startup_stm32f410xx.o(.text))
<BR>[Address Reference Count : 1]<UL><LI> startup_stm32f410xx.o(RESET)
</UL>
<P><STRONG><a name="[2a]"></a>EXTI15_10_IRQHandler</STRONG> (Thumb, 0 bytes, Stack size 0 bytes, startup_stm32f410xx.o(.text))
<BR>[Address Reference Count : 1]<UL><LI> startup_stm32f410xx.o(RESET)
</UL>
<P><STRONG><a name="[11]"></a>EXTI1_IRQHandler</STRONG> (Thumb, 0 bytes, Stack size 0 bytes, startup_stm32f410xx.o(.text))
<BR>[Address Reference Count : 1]<UL><LI> startup_stm32f410xx.o(RESET)
</UL>
<P><STRONG><a name="[12]"></a>EXTI2_IRQHandler</STRONG> (Thumb, 0 bytes, Stack size 0 bytes, startup_stm32f410xx.o(.text))
<BR>[Address Reference Count : 1]<UL><LI> startup_stm32f410xx.o(RESET)
</UL>
<P><STRONG><a name="[13]"></a>EXTI3_IRQHandler</STRONG> (Thumb, 0 bytes, Stack size 0 bytes, startup_stm32f410xx.o(.text))
<BR>[Address Reference Count : 1]<UL><LI> startup_stm32f410xx.o(RESET)
</UL>
<P><STRONG><a name="[14]"></a>EXTI4_IRQHandler</STRONG> (Thumb, 0 bytes, Stack size 0 bytes, startup_stm32f410xx.o(.text))
<BR>[Address Reference Count : 1]<UL><LI> startup_stm32f410xx.o(RESET)
</UL>
<P><STRONG><a name="[1d]"></a>EXTI9_5_IRQHandler</STRONG> (Thumb, 0 bytes, Stack size 0 bytes, startup_stm32f410xx.o(.text))
<BR>[Address Reference Count : 1]<UL><LI> startup_stm32f410xx.o(RESET)
</UL>
<P><STRONG><a name="[e]"></a>FLASH_IRQHandler</STRONG> (Thumb, 0 bytes, Stack size 0 bytes, startup_stm32f410xx.o(.text))
<BR>[Address Reference Count : 1]<UL><LI> startup_stm32f410xx.o(RESET)
</UL>
<P><STRONG><a name="[3c]"></a>FMPI2C1_ER_IRQHandler</STRONG> (Thumb, 0 bytes, Stack size 0 bytes, startup_stm32f410xx.o(.text))
<BR>[Address Reference Count : 1]<UL><LI> startup_stm32f410xx.o(RESET)
</UL>
<P><STRONG><a name="[3b]"></a>FMPI2C1_EV_IRQHandler</STRONG> (Thumb, 0 bytes, Stack size 0 bytes, startup_stm32f410xx.o(.text))
<BR>[Address Reference Count : 1]<UL><LI> startup_stm32f410xx.o(RESET)
</UL>
<P><STRONG><a name="[39]"></a>FPU_IRQHandler</STRONG> (Thumb, 0 bytes, Stack size 0 bytes, startup_stm32f410xx.o(.text))
<BR>[Address Reference Count : 1]<UL><LI> startup_stm32f410xx.o(RESET)
</UL>
<P><STRONG><a name="[23]"></a>I2C1_ER_IRQHandler</STRONG> (Thumb, 0 bytes, Stack size 0 bytes, startup_stm32f410xx.o(.text))
<BR>[Address Reference Count : 1]<UL><LI> startup_stm32f410xx.o(RESET)
</UL>
<P><STRONG><a name="[22]"></a>I2C1_EV_IRQHandler</STRONG> (Thumb, 0 bytes, Stack size 0 bytes, startup_stm32f410xx.o(.text))
<BR>[Address Reference Count : 1]<UL><LI> startup_stm32f410xx.o(RESET)
</UL>
<P><STRONG><a name="[25]"></a>I2C2_ER_IRQHandler</STRONG> (Thumb, 0 bytes, Stack size 0 bytes, startup_stm32f410xx.o(.text))
<BR>[Address Reference Count : 1]<UL><LI> startup_stm32f410xx.o(RESET)
</UL>
<P><STRONG><a name="[24]"></a>I2C2_EV_IRQHandler</STRONG> (Thumb, 0 bytes, Stack size 0 bytes, startup_stm32f410xx.o(.text))
<BR>[Address Reference Count : 1]<UL><LI> startup_stm32f410xx.o(RESET)
</UL>
<P><STRONG><a name="[3d]"></a>LPTIM1_IRQHandler</STRONG> (Thumb, 0 bytes, Stack size 0 bytes, startup_stm32f410xx.o(.text))
<BR>[Address Reference Count : 1]<UL><LI> startup_stm32f410xx.o(RESET)
</UL>
<P><STRONG><a name="[b]"></a>PVD_IRQHandler</STRONG> (Thumb, 0 bytes, Stack size 0 bytes, startup_stm32f410xx.o(.text))
<BR>[Address Reference Count : 1]<UL><LI> startup_stm32f410xx.o(RESET)
</UL>
<P><STRONG><a name="[f]"></a>RCC_IRQHandler</STRONG> (Thumb, 0 bytes, Stack size 0 bytes, startup_stm32f410xx.o(.text))
<BR>[Address Reference Count : 1]<UL><LI> startup_stm32f410xx.o(RESET)
</UL>
<P><STRONG><a name="[38]"></a>RNG_IRQHandler</STRONG> (Thumb, 0 bytes, Stack size 0 bytes, startup_stm32f410xx.o(.text))
<BR>[Address Reference Count : 1]<UL><LI> startup_stm32f410xx.o(RESET)
</UL>
<P><STRONG><a name="[2b]"></a>RTC_Alarm_IRQHandler</STRONG> (Thumb, 0 bytes, Stack size 0 bytes, startup_stm32f410xx.o(.text))
<BR>[Address Reference Count : 1]<UL><LI> startup_stm32f410xx.o(RESET)
</UL>
<P><STRONG><a name="[d]"></a>RTC_WKUP_IRQHandler</STRONG> (Thumb, 0 bytes, Stack size 0 bytes, startup_stm32f410xx.o(.text))
<BR>[Address Reference Count : 1]<UL><LI> startup_stm32f410xx.o(RESET)
</UL>
<P><STRONG><a name="[26]"></a>SPI1_IRQHandler</STRONG> (Thumb, 0 bytes, Stack size 0 bytes, startup_stm32f410xx.o(.text))
<BR>[Address Reference Count : 1]<UL><LI> startup_stm32f410xx.o(RESET)
</UL>
<P><STRONG><a name="[27]"></a>SPI2_IRQHandler</STRONG> (Thumb, 0 bytes, Stack size 0 bytes, startup_stm32f410xx.o(.text))
<BR>[Address Reference Count : 1]<UL><LI> startup_stm32f410xx.o(RESET)
</UL>
<P><STRONG><a name="[3a]"></a>SPI5_IRQHandler</STRONG> (Thumb, 0 bytes, Stack size 0 bytes, startup_stm32f410xx.o(.text))
<BR>[Address Reference Count : 1]<UL><LI> startup_stm32f410xx.o(RESET)
</UL>
<P><STRONG><a name="[c]"></a>TAMP_STAMP_IRQHandler</STRONG> (Thumb, 0 bytes, Stack size 0 bytes, startup_stm32f410xx.o(.text))
<BR>[Address Reference Count : 1]<UL><LI> startup_stm32f410xx.o(RESET)
</UL>
<P><STRONG><a name="[1e]"></a>TIM1_BRK_TIM9_IRQHandler</STRONG> (Thumb, 0 bytes, Stack size 0 bytes, startup_stm32f410xx.o(.text))
<BR>[Address Reference Count : 1]<UL><LI> startup_stm32f410xx.o(RESET)
</UL>
<P><STRONG><a name="[21]"></a>TIM1_CC_IRQHandler</STRONG> (Thumb, 0 bytes, Stack size 0 bytes, startup_stm32f410xx.o(.text))
<BR>[Address Reference Count : 1]<UL><LI> startup_stm32f410xx.o(RESET)
</UL>
<P><STRONG><a name="[20]"></a>TIM1_TRG_COM_TIM11_IRQHandler</STRONG> (Thumb, 0 bytes, Stack size 0 bytes, startup_stm32f410xx.o(.text))
<BR>[Address Reference Count : 1]<UL><LI> startup_stm32f410xx.o(RESET)
</UL>
<P><STRONG><a name="[1f]"></a>TIM1_UP_IRQHandler</STRONG> (Thumb, 0 bytes, Stack size 0 bytes, startup_stm32f410xx.o(.text))
<BR>[Address Reference Count : 1]<UL><LI> startup_stm32f410xx.o(RESET)
</UL>
<P><STRONG><a name="[2d]"></a>TIM5_IRQHandler</STRONG> (Thumb, 0 bytes, Stack size 0 bytes, startup_stm32f410xx.o(.text))
<BR>[Address Reference Count : 1]<UL><LI> startup_stm32f410xx.o(RESET)
</UL>
<P><STRONG><a name="[2e]"></a>TIM6_DAC_IRQHandler</STRONG> (Thumb, 0 bytes, Stack size 0 bytes, startup_stm32f410xx.o(.text))
<BR>[Address Reference Count : 1]<UL><LI> startup_stm32f410xx.o(RESET)
</UL>
<P><STRONG><a name="[28]"></a>USART1_IRQHandler</STRONG> (Thumb, 0 bytes, Stack size 0 bytes, startup_stm32f410xx.o(.text))
<BR>[Address Reference Count : 1]<UL><LI> startup_stm32f410xx.o(RESET)
</UL>
<P><STRONG><a name="[29]"></a>USART2_IRQHandler</STRONG> (Thumb, 0 bytes, Stack size 0 bytes, startup_stm32f410xx.o(.text))
<BR>[Address Reference Count : 1]<UL><LI> startup_stm32f410xx.o(RESET)
</UL>
<P><STRONG><a name="[37]"></a>USART6_IRQHandler</STRONG> (Thumb, 0 bytes, Stack size 0 bytes, startup_stm32f410xx.o(.text))
<BR>[Address Reference Count : 1]<UL><LI> startup_stm32f410xx.o(RESET)
</UL>
<P><STRONG><a name="[a]"></a>WWDG_IRQHandler</STRONG> (Thumb, 0 bytes, Stack size 0 bytes, startup_stm32f410xx.o(.text))
<BR>[Address Reference Count : 1]<UL><LI> startup_stm32f410xx.o(RESET)
</UL>
<P><STRONG><a name="[56]"></a>__aeabi_memcpy</STRONG> (Thumb, 36 bytes, Stack size 0 bytes, memcpya.o(.text), UNUSED)

<P><STRONG><a name="[49]"></a>__aeabi_memcpy4</STRONG> (Thumb, 0 bytes, Stack size 0 bytes, memcpya.o(.text))
<BR><BR>[Called By]<UL><LI><a href="#[46]">&gt;&gt;</a>&nbsp;&nbsp;&nbsp;Get_Random_Num
</UL>

<P><STRONG><a name="[57]"></a>__aeabi_memcpy8</STRONG> (Thumb, 0 bytes, Stack size 0 bytes, memcpya.o(.text), UNUSED)

<P><STRONG><a name="[42]"></a>__scatterload</STRONG> (Thumb, 28 bytes, Stack size 0 bytes, init.o(.text))
<BR><BR>[Calls]<UL><LI><a href="#[43]">&gt;&gt;</a>&nbsp;&nbsp;&nbsp;__main_after_scatterload
</UL>
<BR>[Called By]<UL><LI><a href="#[41]">&gt;&gt;</a>&nbsp;&nbsp;&nbsp;_main_scatterload
</UL>

<P><STRONG><a name="[58]"></a>__scatterload_rt2</STRONG> (Thumb, 0 bytes, Stack size 0 bytes, init.o(.text), UNUSED)

<P><STRONG><a name="[4]"></a>BusFault_Handler</STRONG> (Thumb, 4 bytes, Stack size 0 bytes, stm32f4xx_it.o(i.BusFault_Handler))
<BR>[Address Reference Count : 1]<UL><LI> startup_stm32f410xx.o(RESET)
</UL>
<P><STRONG><a name="[7]"></a>DebugMon_Handler</STRONG> (Thumb, 2 bytes, Stack size 0 bytes, stm32f4xx_it.o(i.DebugMon_Handler))
<BR>[Address Reference Count : 1]<UL><LI> startup_stm32f410xx.o(RESET)
</UL>
<P><STRONG><a name="[44]"></a>Delay_ms</STRONG> (Thumb, 24 bytes, Stack size 8 bytes, my_systick.o(i.Delay_ms))
<BR><BR>[Stack]<UL><LI>Max Depth = 8<LI>Call Chain = Delay_ms
</UL>
<BR>[Calls]<UL><LI><a href="#[45]">&gt;&gt;</a>&nbsp;&nbsp;&nbsp;Delay_us
</UL>
<BR>[Called By]<UL><LI><a href="#[3e]">&gt;&gt;</a>&nbsp;&nbsp;&nbsp;main
</UL>

<P><STRONG><a name="[45]"></a>Delay_us</STRONG> (Thumb, 72 bytes, Stack size 0 bytes, my_systick.o(i.Delay_us))
<BR><BR>[Called By]<UL><LI><a href="#[44]">&gt;&gt;</a>&nbsp;&nbsp;&nbsp;Delay_ms
</UL>

<P><STRONG><a name="[4c]"></a>GPIO_Init</STRONG> (Thumb, 144 bytes, Stack size 20 bytes, stm32f4xx_gpio.o(i.GPIO_Init))
<BR><BR>[Stack]<UL><LI>Max Depth = 20<LI>Call Chain = GPIO_Init
</UL>
<BR>[Called By]<UL><LI><a href="#[4a]">&gt;&gt;</a>&nbsp;&nbsp;&nbsp;LED_GPIO_Init
</UL>

<P><STRONG><a name="[46]"></a>Get_Random_Num</STRONG> (Thumb, 56 bytes, Stack size 56 bytes, my_rng.o(i.Get_Random_Num))
<BR><BR>[Stack]<UL><LI>Max Depth = 56<LI>Call Chain = Get_Random_Num
</UL>
<BR>[Calls]<UL><LI><a href="#[48]">&gt;&gt;</a>&nbsp;&nbsp;&nbsp;RNG_GetRandomNumber
<LI><a href="#[47]">&gt;&gt;</a>&nbsp;&nbsp;&nbsp;RNG_GetFlagStatus
<LI><a href="#[49]">&gt;&gt;</a>&nbsp;&nbsp;&nbsp;__aeabi_memcpy4
</UL>
<BR>[Called By]<UL><LI><a href="#[3e]">&gt;&gt;</a>&nbsp;&nbsp;&nbsp;main
</UL>

<P><STRONG><a name="[2]"></a>HardFault_Handler</STRONG> (Thumb, 4 bytes, Stack size 0 bytes, stm32f4xx_it.o(i.HardFault_Handler))
<BR>[Address Reference Count : 1]<UL><LI> startup_stm32f410xx.o(RESET)
</UL>
<P><STRONG><a name="[4a]"></a>LED_GPIO_Init</STRONG> (Thumb, 36 bytes, Stack size 16 bytes, my_gpio.o(i.LED_GPIO_Init))
<BR><BR>[Stack]<UL><LI>Max Depth = 36<LI>Call Chain = LED_GPIO_Init &rArr; GPIO_Init
</UL>
<BR>[Calls]<UL><LI><a href="#[4b]">&gt;&gt;</a>&nbsp;&nbsp;&nbsp;RCC_AHB1PeriphClockCmd
<LI><a href="#[4c]">&gt;&gt;</a>&nbsp;&nbsp;&nbsp;GPIO_Init
</UL>
<BR>[Called By]<UL><LI><a href="#[3e]">&gt;&gt;</a>&nbsp;&nbsp;&nbsp;main
</UL>

<P><STRONG><a name="[3]"></a>MemManage_Handler</STRONG> (Thumb, 4 bytes, Stack size 0 bytes, stm32f4xx_it.o(i.MemManage_Handler))
<BR>[Address Reference Count : 1]<UL><LI> startup_stm32f410xx.o(RESET)
</UL>
<P><STRONG><a name="[1]"></a>NMI_Handler</STRONG> (Thumb, 2 bytes, Stack size 0 bytes, stm32f4xx_it.o(i.NMI_Handler))
<BR>[Address Reference Count : 1]<UL><LI> startup_stm32f410xx.o(RESET)
</UL>
<P><STRONG><a name="[8]"></a>PendSV_Handler</STRONG> (Thumb, 2 bytes, Stack size 0 bytes, stm32f4xx_it.o(i.PendSV_Handler))
<BR>[Address Reference Count : 1]<UL><LI> startup_stm32f410xx.o(RESET)
</UL>
<P><STRONG><a name="[4b]"></a>RCC_AHB1PeriphClockCmd</STRONG> (Thumb, 26 bytes, Stack size 0 bytes, stm32f4xx_rcc.o(i.RCC_AHB1PeriphClockCmd))
<BR><BR>[Called By]<UL><LI><a href="#[4a]">&gt;&gt;</a>&nbsp;&nbsp;&nbsp;LED_GPIO_Init
</UL>

<P><STRONG><a name="[47]"></a>RNG_GetFlagStatus</STRONG> (Thumb, 20 bytes, Stack size 0 bytes, stm32f4xx_rng.o(i.RNG_GetFlagStatus))
<BR><BR>[Called By]<UL><LI><a href="#[46]">&gt;&gt;</a>&nbsp;&nbsp;&nbsp;Get_Random_Num
</UL>

<P><STRONG><a name="[48]"></a>RNG_GetRandomNumber</STRONG> (Thumb, 6 bytes, Stack size 0 bytes, stm32f4xx_rng.o(i.RNG_GetRandomNumber))
<BR><BR>[Called By]<UL><LI><a href="#[46]">&gt;&gt;</a>&nbsp;&nbsp;&nbsp;Get_Random_Num
</UL>

<P><STRONG><a name="[6]"></a>SVC_Handler</STRONG> (Thumb, 2 bytes, Stack size 0 bytes, stm32f4xx_it.o(i.SVC_Handler))
<BR>[Address Reference Count : 1]<UL><LI> startup_stm32f410xx.o(RESET)
</UL>
<P><STRONG><a name="[4f]"></a>SysTick_CLKSourceConfig</STRONG> (Thumb, 40 bytes, Stack size 0 bytes, misc.o(i.SysTick_CLKSourceConfig))
<BR><BR>[Called By]<UL><LI><a href="#[4e]">&gt;&gt;</a>&nbsp;&nbsp;&nbsp;Systick_Init
</UL>

<P><STRONG><a name="[9]"></a>SysTick_Handler</STRONG> (Thumb, 2 bytes, Stack size 0 bytes, stm32f4xx_it.o(i.SysTick_Handler))
<BR>[Address Reference Count : 1]<UL><LI> startup_stm32f410xx.o(RESET)
</UL>
<P><STRONG><a name="[3f]"></a>SystemInit</STRONG> (Thumb, 88 bytes, Stack size 8 bytes, system_stm32f4xx.o(i.SystemInit))
<BR><BR>[Stack]<UL><LI>Max Depth = 8<LI>Call Chain = SystemInit
</UL>
<BR>[Calls]<UL><LI><a href="#[4d]">&gt;&gt;</a>&nbsp;&nbsp;&nbsp;SetSysClock
</UL>
<BR>[Address Reference Count : 1]<UL><LI> startup_stm32f410xx.o(.text)
</UL>
<P><STRONG><a name="[4e]"></a>Systick_Init</STRONG> (Thumb, 38 bytes, Stack size 8 bytes, my_systick.o(i.Systick_Init))
<BR><BR>[Stack]<UL><LI>Max Depth = 8<LI>Call Chain = Systick_Init
</UL>
<BR>[Calls]<UL><LI><a href="#[4f]">&gt;&gt;</a>&nbsp;&nbsp;&nbsp;SysTick_CLKSourceConfig
</UL>
<BR>[Called By]<UL><LI><a href="#[3e]">&gt;&gt;</a>&nbsp;&nbsp;&nbsp;main
</UL>

<P><STRONG><a name="[5]"></a>UsageFault_Handler</STRONG> (Thumb, 4 bytes, Stack size 0 bytes, stm32f4xx_it.o(i.UsageFault_Handler))
<BR>[Address Reference Count : 1]<UL><LI> startup_stm32f410xx.o(RESET)
</UL>
<P><STRONG><a name="[59]"></a>__scatterload_copy</STRONG> (Thumb, 14 bytes, Stack size unknown bytes, handlers.o(i.__scatterload_copy), UNUSED)

<P><STRONG><a name="[5a]"></a>__scatterload_null</STRONG> (Thumb, 2 bytes, Stack size unknown bytes, handlers.o(i.__scatterload_null), UNUSED)

<P><STRONG><a name="[5b]"></a>__scatterload_zeroinit</STRONG> (Thumb, 14 bytes, Stack size unknown bytes, handlers.o(i.__scatterload_zeroinit), UNUSED)

<P><STRONG><a name="[3e]"></a>main</STRONG> (Thumb, 54 bytes, Stack size 40 bytes, main.o(i.main))
<BR><BR>[Stack]<UL><LI>Max Depth = 96<LI>Call Chain = main &rArr; Get_Random_Num
</UL>
<BR>[Calls]<UL><LI><a href="#[4e]">&gt;&gt;</a>&nbsp;&nbsp;&nbsp;Systick_Init
<LI><a href="#[4a]">&gt;&gt;</a>&nbsp;&nbsp;&nbsp;LED_GPIO_Init
<LI><a href="#[46]">&gt;&gt;</a>&nbsp;&nbsp;&nbsp;Get_Random_Num
<LI><a href="#[44]">&gt;&gt;</a>&nbsp;&nbsp;&nbsp;Delay_ms
</UL>
<BR>[Address Reference Count : 1]<UL><LI> entry9a.o(.ARM.Collect$$$$0000000B)
</UL><P>
<H3>
Local Symbols
</H3>
<P><STRONG><a name="[4d]"></a>SetSysClock</STRONG> (Thumb, 138 bytes, Stack size 0 bytes, system_stm32f4xx.o(i.SetSysClock))
<BR><BR>[Called By]<UL><LI><a href="#[3f]">&gt;&gt;</a>&nbsp;&nbsp;&nbsp;SystemInit
</UL>
<P>
<H3>
Undefined Global Symbols
</H3><HR></body></html>
