<html>
<body>
<pre>
<h1>µVision Build Log</h1>
<h2>Tool Versions:</h2>
IDE-Version: ¶ÃVision V5.31.0.0
Copyright (C) 2020 ARM Ltd and ARM Germany GmbH. All rights reserved.
License Information: gao bad_app, HP Inc., LIC=UJWP0-B724D-9UD4U-SQDP5-HZEPT-RWW3M
 
Tool Versions:
Toolchain:       MDK-ARM Plus  Version: 5.31.0.0
Toolchain Path:  C:\Keil_v5\ARM\ARMCC\Bin
C Compiler:      Armcc.exe V5.06 update 6 (build 750)
Assembler:       Armasm.exe V5.06 update 6 (build 750)
Linker/Locator:  ArmLink.exe V5.06 update 6 (build 750)
Library Manager: ArmAr.exe V5.06 update 6 (build 750)
Hex Converter:   FromElf.exe V5.06 update 6 (build 750)
CPU DLL:         SARMCM3.DLL V5.31.0.0
Dialog DLL:      DCM.DLL V1.17.3.0
Target DLL:      STLink\ST-LINKIII-KEIL_SWO.dll V3.0.7.0
Dialog DLL:      TCM.DLL V1.46.0.0
 
<h2>Project:</h2>
D:\Work\stm32\STM32_ALL_PRO_MODE\STM32F4\STD\Pro\STM32F4_STD_PRO_MODE.uvprojx
Project File Date:  09/25/2020

<h2>Output:</h2>
*** Using Compiler 'V5.06 update 6 (build 750)', folder: 'C:\Keil_v5\ARM\ARMCC\Bin'
Rebuild target 'STM32F4_STD_PRO_MODE'
Note: source file '..\APP\MY_GPIO.c' - object file renamed from '.\Objects\MY_GPIO.o' to '.\Objects\my_gpio_1.o'.
assembling startup_stm32f410xx.s...
compiling misc.c...
compiling stm32f4xx_it.c...
compiling MY_Systick.c...
..\USER\MY_Systick.c(6): warning:  #550-D: variable "fac_ms"  was set but never used
  static uint32_t	fac_ms=0;	//ms—” ±±∂≥À ˝
..\USER\MY_Systick.c: 1 warning, 0 errors
compiling stm32f4xx_gpio.c...
compiling main.c...
compiling system_stm32f4xx.c...
compiling MY_GPIO.c...
compiling stm32f4xx_rcc.c...
linking...
Program Size: Code=1112 RO-data=488 RW-data=28 ZI-data=1636  
FromELF: creating hex file...
".\Objects\STM32F4_STD_PRO_MODE.axf" - 0 Error(s), 1 Warning(s).

<h2>Software Packages used:</h2>

Package Vendor: Keil
                http://www.keil.com/pack/Keil.STM32F4xx_DFP.2.13.0.pack
                Keil.STM32F4xx_DFP.2.13.0
                STMicroelectronics STM32F4 Series Device Support, Drivers and Examples

<h2>Collection of Component include folders:</h2>
  C:\Users\bad_a\AppData\Local\Arm\Packs\Keil\STM32F4xx_DFP\2.13.0\Drivers\CMSIS\Device\ST\STM32F4xx\Include

<h2>Collection of Component Files used:</h2>
Build Time Elapsed:  00:00:02
</pre>
</body>
</html>
