Component: ARM Compiler 5.06 update 6 (build 750) Tool: armlink [4d35ed]

==============================================================================

Section Cross References

    startup_stm32f103xe.o(RESET) refers to startup_stm32f103xe.o(STACK) for __initial_sp
    startup_stm32f103xe.o(RESET) refers to startup_stm32f103xe.o(.text) for Reset_Handler
    startup_stm32f103xe.o(RESET) refers to stm32f1xx_it.o(i.NMI_Handler) for NMI_Handler
    startup_stm32f103xe.o(RESET) refers to stm32f1xx_it.o(i.HardFault_Handler) for HardFault_Handler
    startup_stm32f103xe.o(RESET) refers to stm32f1xx_it.o(i.MemManage_Handler) for MemManage_Handler
    startup_stm32f103xe.o(RESET) refers to stm32f1xx_it.o(i.BusFault_Handler) for BusFault_Handler
    startup_stm32f103xe.o(RESET) refers to stm32f1xx_it.o(i.UsageFault_Handler) for UsageFault_Handler
    startup_stm32f103xe.o(RESET) refers to stm32f1xx_it.o(i.SVC_Handler) for SVC_Handler
    startup_stm32f103xe.o(RESET) refers to stm32f1xx_it.o(i.DebugMon_Handler) for DebugMon_Handler
    startup_stm32f103xe.o(RESET) refers to stm32f1xx_it.o(i.PendSV_Handler) for PendSV_Handler
    startup_stm32f103xe.o(RESET) refers to stm32f1xx_it.o(i.SysTick_Handler) for SysTick_Handler
    startup_stm32f103xe.o(RESET) refers to stm32f1xx_it.o(i.EXTI9_5_IRQHandler) for EXTI9_5_IRQHandler
    startup_stm32f103xe.o(RESET) refers to stm32f1xx_it.o(i.TIM2_IRQHandler) for TIM2_IRQHandler
    startup_stm32f103xe.o(RESET) refers to stm32f1xx_it.o(i.USART1_IRQHandler) for USART1_IRQHandler
    startup_stm32f103xe.o(.text) refers to system_stm32f1xx.o(i.SystemInit) for SystemInit
    startup_stm32f103xe.o(.text) refers to entry.o(.ARM.Collect$$$$00000000) for __main
    main.o(i.SystemClock_Config) refers to memseta.o(.text) for __aeabi_memclr4
    main.o(i.SystemClock_Config) refers to stm32f1xx_hal_rcc.o(i.HAL_RCC_OscConfig) for HAL_RCC_OscConfig
    main.o(i.SystemClock_Config) refers to stm32f1xx_hal_rcc.o(i.HAL_RCC_ClockConfig) for HAL_RCC_ClockConfig
    main.o(i.main) refers to stm32f1xx_hal.o(i.HAL_Init) for HAL_Init
    main.o(i.main) refers to main.o(i.SystemClock_Config) for SystemClock_Config
    main.o(i.main) refers to gpio.o(i.MX_GPIO_Init) for MX_GPIO_Init
    main.o(i.main) refers to spi.o(i.MX_SPI2_Init) for MX_SPI2_Init
    main.o(i.main) refers to usart.o(i.MX_USART1_UART_Init) for MX_USART1_UART_Init
    main.o(i.main) refers to tim.o(i.MX_TIM2_Init) for MX_TIM2_Init
    main.o(i.main) refers to tim.o(i.HAL_TIM_Base_MspDeInit) for HAL_TIM_Base_MspDeInit
    main.o(i.main) refers to wizchip_conf.o(i.reg_wizchip_spi_cbfunc) for reg_wizchip_spi_cbfunc
    main.o(i.main) refers to wizchip_conf.o(i.reg_wizchip_cs_cbfunc) for reg_wizchip_cs_cbfunc
    main.o(i.main) refers to stm32f1xx_hal_gpio.o(i.HAL_GPIO_WritePin) for HAL_GPIO_WritePin
    main.o(i.main) refers to printfa.o(i.__0printf) for __2printf
    main.o(i.main) refers to w5100s_conf.o(i.reset_w5100s) for reset_w5100s
    main.o(i.main) refers to w5100s_conf.o(i.PHY_check) for PHY_check
    main.o(i.main) refers to w5100s_conf.o(i.set_w5100s_mac) for set_w5100s_mac
    main.o(i.main) refers to w5100s_conf.o(i.set_w5100s_netinfo) for set_w5100s_netinfo
    main.o(i.main) refers to w5100s_conf.o(i.sysinit) for sysinit
    main.o(i.main) refers to hw_ping.o(i.hw_ping) for hw_ping
    main.o(i.main) refers to w5100s.o(i.WIZCHIP_READ) for WIZCHIP_READ
    main.o(i.main) refers to w5100s.o(i.WIZCHIP_WRITE) for WIZCHIP_WRITE
    main.o(i.main) refers to w5100s.o(i.WIZCHIP_READ_BUF) for WIZCHIP_READ_BUF
    main.o(i.main) refers to stm32f1xx_hal_gpio.o(i.HAL_GPIO_TogglePin) for HAL_GPIO_TogglePin
    main.o(i.main) refers to stm32f1xx_hal.o(i.HAL_Delay) for HAL_Delay
    main.o(i.main) refers to tim.o(.bss) for htim2
    main.o(i.main) refers to bsp_spi.o(i.spi_send_byte) for spi_send_byte
    main.o(i.main) refers to bsp_spi.o(i.spi_read_byte) for spi_read_byte
    main.o(i.main) refers to bsp_spi.o(i.cs_high) for cs_high
    main.o(i.main) refers to bsp_spi.o(i.cs_low) for cs_low
    main.o(i.main) refers to main.o(.conststring) for .conststring
    main.o(i.main) refers to hw_ping.o(.data) for exti_flag
    main.o(i.main) refers to hw_ping.o(.data) for hw_ping_ip
    main.o(i.main) refers to main.o(.data) for .data
    gpio.o(i.MX_GPIO_Init) refers to stm32f1xx_hal_gpio.o(i.HAL_GPIO_WritePin) for HAL_GPIO_WritePin
    gpio.o(i.MX_GPIO_Init) refers to stm32f1xx_hal_gpio.o(i.HAL_GPIO_Init) for HAL_GPIO_Init
    gpio.o(i.MX_GPIO_Init) refers to stm32f1xx_hal_cortex.o(i.HAL_NVIC_SetPriority) for HAL_NVIC_SetPriority
    gpio.o(i.MX_GPIO_Init) refers to stm32f1xx_hal_cortex.o(i.HAL_NVIC_EnableIRQ) for HAL_NVIC_EnableIRQ
    spi.o(i.HAL_SPI_MspDeInit) refers to stm32f1xx_hal_gpio.o(i.HAL_GPIO_DeInit) for HAL_GPIO_DeInit
    spi.o(i.HAL_SPI_MspInit) refers to stm32f1xx_hal_gpio.o(i.HAL_GPIO_Init) for HAL_GPIO_Init
    spi.o(i.MX_SPI2_Init) refers to stm32f1xx_hal_spi.o(i.HAL_SPI_Init) for HAL_SPI_Init
[...]
    Removing stm32f1xx_hal_tim_ex.o(i.TIMEx_DMACommutationHalfCplt), (16 bytes).
    Removing stm32f1xx_hal_tim_ex.o(i.TIM_CCxNChannelCmd), (26 bytes).
    Removing stm32f1xx_hal_tim_ex.o(i.TIM_DMADelayPulseNCplt), (94 bytes).
    Removing stm32f1xx_hal_tim_ex.o(i.TIM_DMAErrorCCxN), (62 bytes).
    Removing stm32f1xx_hal_uart.o(.rev16_text), (4 bytes).
    Removing stm32f1xx_hal_uart.o(.revsh_text), (4 bytes).
    Removing stm32f1xx_hal_uart.o(.rrx_text), (6 bytes).
    Removing stm32f1xx_hal_uart.o(i.HAL_HalfDuplex_EnableReceiver), (50 bytes).
    Removing stm32f1xx_hal_uart.o(i.HAL_HalfDuplex_EnableTransmitter), (50 bytes).
    Removing stm32f1xx_hal_uart.o(i.HAL_HalfDuplex_Init), (108 bytes).
    Removing stm32f1xx_hal_uart.o(i.HAL_LIN_Init), (128 bytes).
    Removing stm32f1xx_hal_uart.o(i.HAL_LIN_SendBreak), (46 bytes).
    Removing stm32f1xx_hal_uart.o(i.HAL_MultiProcessor_EnterMuteMode), (46 bytes).
    Removing stm32f1xx_hal_uart.o(i.HAL_MultiProcessor_ExitMuteMode), (46 bytes).
    Removing stm32f1xx_hal_uart.o(i.HAL_MultiProcessor_Init), (142 bytes).
    Removing stm32f1xx_hal_uart.o(i.HAL_UART_Abort), (138 bytes).
    Removing stm32f1xx_hal_uart.o(i.HAL_UART_AbortCpltCallback), (2 bytes).
    Removing stm32f1xx_hal_uart.o(i.HAL_UART_AbortReceive), (88 bytes).
    Removing stm32f1xx_hal_uart.o(i.HAL_UART_AbortReceiveCpltCallback), (2 bytes).
    Removing stm32f1xx_hal_uart.o(i.HAL_UART_AbortReceive_IT), (92 bytes).
    Removing stm32f1xx_hal_uart.o(i.HAL_UART_AbortTransmit), (78 bytes).
    Removing stm32f1xx_hal_uart.o(i.HAL_UART_AbortTransmitCpltCallback), (2 bytes).
    Removing stm32f1xx_hal_uart.o(i.HAL_UART_AbortTransmit_IT), (84 bytes).
    Removing stm32f1xx_hal_uart.o(i.HAL_UART_Abort_IT), (172 bytes).
    Removing stm32f1xx_hal_uart.o(i.HAL_UART_DMAPause), (102 bytes).
    Removing stm32f1xx_hal_uart.o(i.HAL_UART_DMAResume), (94 bytes).
    Removing stm32f1xx_hal_uart.o(i.HAL_UART_DMAStop), (88 bytes).
    Removing stm32f1xx_hal_uart.o(i.HAL_UART_DeInit), (50 bytes).
    Removing stm32f1xx_hal_uart.o(i.HAL_UART_GetError), (4 bytes).
    Removing stm32f1xx_hal_uart.o(i.HAL_UART_GetState), (10 bytes).
    Removing stm32f1xx_hal_uart.o(i.HAL_UART_MspDeInit), (2 bytes).
    Removing stm32f1xx_hal_uart.o(i.HAL_UART_MspInit), (2 bytes).
    Removing stm32f1xx_hal_uart.o(i.HAL_UART_Receive), (188 bytes).
    Removing stm32f1xx_hal_uart.o(i.HAL_UART_Receive_DMA), (152 bytes).
    Removing stm32f1xx_hal_uart.o(i.HAL_UART_Receive_IT), (82 bytes).
    Removing stm32f1xx_hal_uart.o(i.HAL_UART_RxHalfCpltCallback), (2 bytes).
    Removing stm32f1xx_hal_uart.o(i.HAL_UART_Transmit_DMA), (128 bytes).
    Removing stm32f1xx_hal_uart.o(i.HAL_UART_Transmit_IT), (62 bytes).
    Removing stm32f1xx_hal_uart.o(i.HAL_UART_TxHalfCpltCallback), (2 bytes).
    Removing stm32f1xx_hal_uart.o(i.UART_DMAError), (74 bytes).
    Removing stm32f1xx_hal_uart.o(i.UART_DMAReceiveCplt), (60 bytes).
    Removing stm32f1xx_hal_uart.o(i.UART_DMARxAbortCallback), (42 bytes).
    Removing stm32f1xx_hal_uart.o(i.UART_DMARxHalfCplt), (10 bytes).
    Removing stm32f1xx_hal_uart.o(i.UART_DMARxOnlyAbortCallback), (20 bytes).
    Removing stm32f1xx_hal_uart.o(i.UART_DMATransmitCplt), (46 bytes).
    Removing stm32f1xx_hal_uart.o(i.UART_DMATxAbortCallback), (42 bytes).
    Removing stm32f1xx_hal_uart.o(i.UART_DMATxHalfCplt), (10 bytes).
    Removing stm32f1xx_hal_uart.o(i.UART_DMATxOnlyAbortCallback), (20 bytes).
    Removing stm32f1xx_hal_uart.o(i.UART_EndTxTransfer), (18 bytes).
    Removing system_stm32f1xx.o(.rev16_text), (4 bytes).
    Removing system_stm32f1xx.o(.revsh_text), (4 bytes).
    Removing system_stm32f1xx.o(.rrx_text), (6 bytes).
    Removing system_stm32f1xx.o(i.SystemCoreClockUpdate), (104 bytes).
    Removing wizchip_conf.o(.rev16_text), (4 bytes).
    Removing wizchip_conf.o(.revsh_text), (4 bytes).
    Removing wizchip_conf.o(.rrx_text), (6 bytes).
    Removing wizchip_conf.o(i.ctlnetwork), (76 bytes).
    Removing wizchip_conf.o(i.ctlwizchip), (172 bytes).
    Removing wizchip_conf.o(i.reg_wizchip_bus_cbfunc), (44 bytes).
    Removing wizchip_conf.o(i.reg_wizchip_cris_cbfunc), (36 bytes).
    Removing wizchip_conf.o(i.reg_wizchip_spiburst_cbfunc), (44 bytes).
    Removing wizchip_conf.o(i.wizchip_clrinterrupt), (20 bytes).
    Removing wizchip_conf.o(i.wizchip_getinterrupt), (14 bytes).
    Removing wizchip_conf.o(i.wizchip_getinterruptmask), (22 bytes).
    Removing wizchip_conf.o(i.wizchip_getnetinfo), (80 bytes).
    Removing wizchip_conf.o(i.wizchip_getnetmode), (6 bytes).
    Removing wizchip_conf.o(i.wizchip_gettimeout), (34 bytes).
    Removing wizchip_conf.o(i.wizchip_init), (188 bytes).
    Removing wizchip_conf.o(i.wizchip_setinterruptmask), (18 bytes).
    Removing wizchip_conf.o(i.wizchip_setnetinfo), (80 bytes).
    Removing wizchip_conf.o(i.wizchip_setnetmode), (36 bytes).
    Removing wizchip_conf.o(i.wizchip_settimeout), (34 bytes).
    Removing wizchip_conf.o(i.wizchip_spi_readburst), (2 bytes).
    Removing wizchip_conf.o(i.wizchip_spi_writeburst), (2 bytes).
    Removing wizchip_conf.o(i.wizchip_sw_reset), (96 bytes).
    Removing wizchip_conf.o(i.wizphy_getphyconf), (48 bytes).
    Removing wizchip_conf.o(i.wizphy_getphylink), (16 bytes).
    Removing wizchip_conf.o(i.wizphy_getphypmode), (6 bytes).
    Removing wizchip_conf.o(i.wizphy_reset), (30 bytes).
    Removing wizchip_conf.o(i.wizphy_setphyconf), (68 bytes).
    Removing wizchip_conf.o(i.wizphy_setphypmode), (62 bytes).
    Removing w5100s_conf.o(.rev16_text), (4 bytes).
    Removing w5100s_conf.o(.revsh_text), (4 bytes).
    Removing w5100s_conf.o(.rrx_text), (6 bytes).
    Removing w5100s_conf.o(i.dhcp_timer_init), (4 bytes).
    Removing w5100s_conf.o(i.ntp_timer_init), (4 bytes).
    Removing w5100s_conf.o(i.reboot), (40 bytes).
    Removing w5100s_conf.o(i.timer2_init), (24 bytes).
    Removing w5100s_conf.o(i.timer2_isr), (44 bytes).
    Removing w5100s_conf.o(.bss), (28 bytes).
    Removing w5100s_conf.o(.bss), (1024 bytes).
    Removing w5100s_conf.o(.data), (2 bytes).
    Removing w5100s_conf.o(.data), (2 bytes).
    Removing w5100s_conf.o(.data), (4 bytes).
    Removing w5100s_conf.o(.data), (2 bytes).
    Removing dhcp.o(.rev16_text), (4 bytes).
    Removing dhcp.o(.revsh_text), (4 bytes).
    Removing dhcp.o(.rrx_text), (6 bytes).
    Removing dhcp.o(i.DHCP_run), (428 bytes).
    Removing dhcp.o(i.DHCP_timer_handler), (32 bytes).
    Removing dhcp.o(i.check_DHCP_Timeout), (80 bytes).
    Removing dhcp.o(i.check_DHCP_leasedIP), (96 bytes).
    Removing dhcp.o(i.check_DHCP_timeout), (108 bytes).
    Removing dhcp.o(i.default_ip_assign), (44 bytes).
    Removing dhcp.o(i.default_ip_conflict), (32 bytes).
    Removing dhcp.o(i.default_ip_update), (36 bytes).
    Removing dhcp.o(i.init_dhcp_client), (64 bytes).
    Removing dhcp.o(i.makeDHCPMSG), (204 bytes).
    Removing dhcp.o(i.parseDHCPMSG), (280 bytes).
    Removing dhcp.o(i.reset_DHCP_timeout), (20 bytes).
    Removing dhcp.o(i.send_DHCP_DECLINE), (212 bytes).
    Removing dhcp.o(i.send_DHCP_DISCOVER), (292 bytes).
    Removing dhcp.o(i.send_DHCP_REQUEST), (516 bytes).
    Removing dhcp.o(.bss), (1024 bytes).
    Removing dhcp.o(.data), (80 bytes).
    Removing dhcp.o(.data), (4 bytes).
    Removing dhcp.o(.data), (4 bytes).
    Removing dhcp.o(.data), (4 bytes).
    Removing dhcp.o(.data), (4 bytes).
    Removing dhcp.o(.data), (12 bytes).
    Removing dhcp.o(.data), (1 bytes).
    Removing socket.o(.rev16_text), (4 bytes).
    Removing socket.o(.revsh_text), (4 bytes).
    Removing socket.o(.rrx_text), (6 bytes).
    Removing socket.o(i.connect), (264 bytes).
    Removing socket.o(i.ctlsocket), (156 bytes).
    Removing socket.o(i.disconnect), (144 bytes).
    Removing socket.o(i.getsockopt), (240 bytes).
    Removing socket.o(i.listen), (116 bytes).
    Removing socket.o(i.recv), (260 bytes).
    Removing socket.o(i.recvfrom), (532 bytes).
    Removing socket.o(i.send), (296 bytes).
    Removing socket.o(i.sendto), (448 bytes).
    Removing socket.o(i.setsockopt), (128 bytes).
    Removing socket.o(i.socket), (264 bytes).
    Removing hw_ping.o(.rev16_text), (4 bytes).
    Removing hw_ping.o(.revsh_text), (4 bytes).
    Removing hw_ping.o(.rrx_text), (6 bytes).
    Removing hw_ping.o(i.hw_ping_init), (70 bytes).
    Removing w5100s.o(.rev16_text), (4 bytes).
    Removing w5100s.o(.revsh_text), (4 bytes).
    Removing w5100s.o(.rrx_text), (6 bytes).
    Removing w5100s.o(i.getSn_RX_RSR), (74 bytes).
    Removing w5100s.o(i.getSn_RxBASE), (60 bytes).
    Removing w5100s.o(i.getSn_TX_FSR), (74 bytes).
    Removing w5100s.o(i.getSn_TxBASE), (60 bytes).
    Removing w5100s.o(i.wiz_mdio_read), (50 bytes).
    Removing w5100s.o(i.wiz_mdio_write), (48 bytes).
    Removing w5100s.o(i.wiz_recv_data), (208 bytes).
    Removing w5100s.o(i.wiz_recv_ignore), (66 bytes).
    Removing w5100s.o(i.wiz_send_data), (208 bytes).
    Removing utility.o(.rev16_text), (4 bytes).
    Removing utility.o(.revsh_text), (4 bytes).
    Removing utility.o(.rrx_text), (6 bytes).
    Removing utility.o(i.atoi16), (30 bytes).
    Removing utility.o(i.atoi32), (30 bytes).
    Removing utility.o(i.c2d), (38 bytes).
    Removing utility.o(i.checksum), (66 bytes).
    Removing utility.o(i.delay_ms), (40 bytes).
    Removing utility.o(i.delay_s), (22 bytes).
    Removing utility.o(i.delay_us), (40 bytes).
    Removing utility.o(i.htonl), (4 bytes).
    Removing utility.o(i.htons), (4 bytes).
    Removing utility.o(i.inet_addr_), (68 bytes).
    Removing utility.o(i.inet_ntoa), (56 bytes).
    Removing utility.o(i.inet_ntoa_pad), (64 bytes).
    Removing utility.o(i.itoa), (50 bytes).
    Removing utility.o(i.mid), (54 bytes).
    Removing utility.o(i.ntohl), (4 bytes).
    Removing utility.o(i.ntohs), (4 bytes).
    Removing utility.o(i.replacetochar), (22 bytes).
    Removing utility.o(i.swapl), (24 bytes).
    Removing utility.o(i.swaps), (10 bytes).
    Removing utility.o(i.systick_init), (44 bytes).
    Removing utility.o(i.validatoi), (58 bytes).
    Removing utility.o(i.verify_ip_address), (96 bytes).
    Removing utility.o(.bss), (48 bytes).
    Removing utility.o(.data), (4 bytes).
    Removing bsp_spi.o(.rev16_text), (4 bytes).
    Removing bsp_spi.o(.revsh_text), (4 bytes).
    Removing bsp_spi.o(.rrx_text), (6 bytes).
    Removing bsp_led.o(.rev16_text), (4 bytes).
    Removing bsp_led.o(.revsh_text), (4 bytes).
    Removing bsp_led.o(.rrx_text), (6 bytes).

554 unused section(s) (total 41373 bytes) removed from the image.

==============================================================================

Image Symbol Table

    Local Symbols

    Symbol Name                              Value     Ov Type        Size  Object(Section)

    ../Drivers/STM32F1xx_HAL_Driver/Src/stm32f1xx_hal.c 0x00000000   Number         0  stm32f1xx_hal.o ABSOLUTE
    ../Drivers/STM32F1xx_HAL_Driver/Src/stm32f1xx_hal_cortex.c 0x00000000   Number         0  stm32f1xx_hal_cortex.o ABSOLUTE
    ../Drivers/STM32F1xx_HAL_Driver/Src/stm32f1xx_hal_dma.c 0x00000000   Number         0  stm32f1xx_hal_dma.o ABSOLUTE
    ../Drivers/STM32F1xx_HAL_Driver/Src/stm32f1xx_hal_exti.c 0x00000000   Number         0  stm32f1xx_hal_exti.o ABSOLUTE
    ../Drivers/STM32F1xx_HAL_Driver/Src/stm32f1xx_hal_flash.c 0x00000000   Number         0  stm32f1xx_hal_flash.o ABSOLUTE
    ../Drivers/STM32F1xx_HAL_Driver/Src/stm32f1xx_hal_flash_ex.c 0x00000000   Number         0  stm32f1xx_hal_flash_ex.o ABSOLUTE
    ../Drivers/STM32F1xx_HAL_Driver/Src/stm32f1xx_hal_gpio.c 0x00000000   Number         0  stm32f1xx_hal_gpio.o ABSOLUTE
    ../Drivers/STM32F1xx_HAL_Driver/Src/stm32f1xx_hal_gpio_ex.c 0x00000000   Number         0  stm32f1xx_hal_gpio_ex.o ABSOLUTE
    ../Drivers/STM32F1xx_HAL_Driver/Src/stm32f1xx_hal_pwr.c 0x00000000   Number         0  stm32f1xx_hal_pwr.o ABSOLUTE
    ../Drivers/STM32F1xx_HAL_Driver/Src/stm32f1xx_hal_rcc.c 0x00000000   Number         0  stm32f1xx_hal_rcc.o ABSOLUTE
    ../Drivers/STM32F1xx_HAL_Driver/Src/stm32f1xx_hal_rcc_ex.c 0x00000000   Number         0  stm32f1xx_hal_rcc_ex.o ABSOLUTE
    ../Drivers/STM32F1xx_HAL_Driver/Src/stm32f1xx_hal_spi.c 0x00000000   Number         0  stm32f1xx_hal_spi.o ABSOLUTE
    ../Drivers/STM32F1xx_HAL_Driver/Src/stm32f1xx_hal_tim.c 0x00000000   Number         0  stm32f1xx_hal_tim.o ABSOLUTE
    ../Drivers/STM32F1xx_HAL_Driver/Src/stm32f1xx_hal_tim_ex.c 0x00000000   Number         0  stm32f1xx_hal_tim_ex.o ABSOLUTE
    ../Drivers/STM32F1xx_HAL_Driver/Src/stm32f1xx_hal_uart.c 0x00000000   Number         0  stm32f1xx_hal_uart.o ABSOLUTE
    ../Src/gpio.c                            0x00000000   Number         0  gpio.o ABSOLUTE
    ../Src/main.c                            0x00000000   Number         0  main.o ABSOLUTE
    ../Src/spi.c                             0x00000000   Number         0  spi.o ABSOLUTE
    ../Src/stm32f1xx_hal_msp.c               0x00000000   Number         0  stm32f1xx_hal_msp.o ABSOLUTE
    ../Src/stm32f1xx_it.c                    0x00000000   Number         0  stm32f1xx_it.o ABSOLUTE
    ../Src/system_stm32f1xx.c                0x00000000   Number         0  system_stm32f1xx.o ABSOLUTE
    ../Src/tim.c                             0x00000000   Number         0  tim.o ABSOLUTE
    ../Src/usart.c                           0x00000000   Number         0  usart.o ABSOLUTE
    ../clib/microlib/division.c              0x00000000   Number         0  uidiv.o ABSOLUTE
    ../clib/microlib/division.c              0x00000000   Number         0  uldiv.o ABSOLUTE
    ../clib/microlib/init/entry.s            0x00000000   Number         0  entry11a.o ABSOLUTE
    ../clib/microlib/init/entry.s            0x00000000   Number         0  entry10b.o ABSOLUTE
    ../clib/microlib/init/entry.s            0x00000000   Number         0  entry11b.o ABSOLUTE
    ../clib/microlib/init/entry.s            0x00000000   Number         0  entry10a.o ABSOLUTE
    ../clib/microlib/init/entry.s            0x00000000   Number         0  entry9a.o ABSOLUTE
    ../clib/microlib/init/entry.s            0x00000000   Number         0  entry5.o ABSOLUTE
    ../clib/microlib/init/entry.s            0x00000000   Number         0  entry.o ABSOLUTE
    ../clib/microlib/init/entry.s            0x00000000   Number         0  entry9b.o ABSOLUTE
    ../clib/microlib/init/entry.s            0x00000000   Number         0  entry2.o ABSOLUTE
    ../clib/microlib/init/entry.s            0x00000000   Number         0  entry7a.o ABSOLUTE
    ../clib/microlib/init/entry.s            0x00000000   Number         0  entry8b.o ABSOLUTE
    ../clib/microlib/init/entry.s            0x00000000   Number         0  entry8a.o ABSOLUTE
    ../clib/microlib/init/entry.s            0x00000000   Number         0  entry7b.o ABSOLUTE
    ../clib/microlib/longlong.c              0x00000000   Number         0  llsshr.o ABSOLUTE
    ../clib/microlib/longlong.c              0x00000000   Number         0  llushr.o ABSOLUTE
    ../clib/microlib/longlong.c              0x00000000   Number         0  llshl.o ABSOLUTE
    ../clib/microlib/printf/printf.c         0x00000000   Number         0  printf7.o ABSOLUTE
    ../clib/microlib/printf/printf.c         0x00000000   Number         0  printfa.o ABSOLUTE
    ../clib/microlib/printf/printf.c         0x00000000   Number         0  printf8.o ABSOLUTE
    ../clib/microlib/printf/printf.c         0x00000000   Number         0  printf3.o ABSOLUTE
    ../clib/microlib/printf/printf.c         0x00000000   Number         0  printf4.o ABSOLUTE
    ../clib/microlib/printf/printf.c         0x00000000   Number         0  printf5.o ABSOLUTE
    ../clib/microlib/printf/printf.c         0x00000000   Number         0  printf6.o ABSOLUTE
    ../clib/microlib/printf/printf.c         0x00000000   Number         0  printfb.o ABSOLUTE
    ../clib/microlib/printf/printf.c         0x00000000   Number         0  printf0.o ABSOLUTE
    ../clib/microlib/printf/printf.c         0x00000000   Number         0  printf1.o ABSOLUTE
    ../clib/microlib/printf/printf.c         0x00000000   Number         0  printf2.o ABSOLUTE
    ../clib/microlib/printf/stubs.s          0x00000000   Number         0  stubs.o ABSOLUTE
    ../clib/microlib/stdio/streams.c         0x00000000   Number         0  stdout.o ABSOLUTE
    ../clib/microlib/string/memset.c         0x00000000   Number         0  memseta.o ABSOLUTE
    ../clib/microlib/string/strcpy.c         0x00000000   Number         0  strcpy.o ABSOLUTE
    ../clib/microlib/string/strlen.c         0x00000000   Number         0  strlen.o ABSOLUTE
    ../clib/microlib/string/strncpy.c        0x00000000   Number         0  strncpy.o ABSOLUTE
    ../clib/microlib/string/strstr.c         0x00000000   Number         0  strstr.o ABSOLUTE
    ../clib/microlib/string/strtok.c         0x00000000   Number         0  strtok.o ABSOLUTE
    ../clib/microlib/string/strtok.c         0x00000000   Number         0  strtok_r.o ABSOLUTE
    ../clib/microlib/stubs.s                 0x00000000   Number         0  iusefp.o ABSOLUTE
    ../fplib/microlib/fpadd.c                0x00000000   Number         0  dadd.o ABSOLUTE
    ../fplib/microlib/fpdiv.c                0x00000000   Number         0  ddiv.o ABSOLUTE
    ../fplib/microlib/fpepilogue.c           0x00000000   Number         0  depilogue.o ABSOLUTE
    ../fplib/microlib/fpfix.c                0x00000000   Number         0  dfixul.o ABSOLUTE
    ../fplib/microlib/fpmul.c                0x00000000   Number         0  dmul.o ABSOLUTE
    ..\App\W5100S\DHCP.c                     0x00000000   Number         0  dhcp.o ABSOLUTE
    ..\App\W5100S\hw_ping.c                  0x00000000   Number         0  hw_ping.o ABSOLUTE
    ..\App\W5100S\socket.c                   0x00000000   Number         0  socket.o ABSOLUTE
    ..\App\W5100S\w5100s.c                   0x00000000   Number         0  w5100s.o ABSOLUTE
    ..\App\W5100S\w5100s_conf.c              0x00000000   Number         0  w5100s_conf.o ABSOLUTE
    ..\App\W5100S\wizchip_conf.c             0x00000000   Number         0  wizchip_conf.o ABSOLUTE
    ..\App\bsp_led.c                         0x00000000   Number         0  bsp_led.o ABSOLUTE
    ..\App\bsp_spi.c                         0x00000000   Number         0  bsp_spi.o ABSOLUTE
    ..\Drivers\STM32F1xx_HAL_Driver\Src\stm32f1xx_hal.c 0x00000000   Number         0  stm32f1xx_hal.o ABSOLUTE
    ..\Drivers\STM32F1xx_HAL_Driver\Src\stm32f1xx_hal_cortex.c 0x00000000   Number         0  stm32f1xx_hal_cortex.o ABSOLUTE
    ..\Drivers\STM32F1xx_HAL_Driver\Src\stm32f1xx_hal_dma.c 0x00000000   Number         0  stm32f1xx_hal_dma.o ABSOLUTE
    ..\Drivers\STM32F1xx_HAL_Driver\Src\stm32f1xx_hal_exti.c 0x00000000   Number         0  stm32f1xx_hal_exti.o ABSOLUTE
    ..\Drivers\STM32F1xx_HAL_Driver\Src\stm32f1xx_hal_flash.c 0x00000000   Number         0  stm32f1xx_hal_flash.o ABSOLUTE
    ..\Drivers\STM32F1xx_HAL_Driver\Src\stm32f1xx_hal_flash_ex.c 0x00000000   Number         0  stm32f1xx_hal_flash_ex.o ABSOLUTE
    ..\Drivers\STM32F1xx_HAL_Driver\Src\stm32f1xx_hal_gpio.c 0x00000000   Number         0  stm32f1xx_hal_gpio.o ABSOLUTE
    ..\Drivers\STM32F1xx_HAL_Driver\Src\stm32f1xx_hal_gpio_ex.c 0x00000000   Number         0  stm32f1xx_hal_gpio_ex.o ABSOLUTE
    ..\Drivers\STM32F1xx_HAL_Driver\Src\stm32f1xx_hal_pwr.c 0x00000000   Number         0  stm32f1xx_hal_pwr.o ABSOLUTE
    ..\Drivers\STM32F1xx_HAL_Driver\Src\stm32f1xx_hal_rcc.c 0x00000000   Number         0  stm32f1xx_hal_rcc.o ABSOLUTE
    ..\Drivers\STM32F1xx_HAL_Driver\Src\stm32f1xx_hal_rcc_ex.c 0x00000000   Number         0  stm32f1xx_hal_rcc_ex.o ABSOLUTE
    ..\Drivers\STM32F1xx_HAL_Driver\Src\stm32f1xx_hal_spi.c 0x00000000   Number         0  stm32f1xx_hal_spi.o ABSOLUTE
    ..\Drivers\STM32F1xx_HAL_Driver\Src\stm32f1xx_hal_tim.c 0x00000000   Number         0  stm32f1xx_hal_tim.o ABSOLUTE
    ..\Drivers\STM32F1xx_HAL_Driver\Src\stm32f1xx_hal_tim_ex.c 0x00000000   Number         0  stm32f1xx_hal_tim_ex.o ABSOLUTE
    ..\Drivers\STM32F1xx_HAL_Driver\Src\stm32f1xx_hal_uart.c 0x00000000   Number         0  stm32f1xx_hal_uart.o ABSOLUTE
    ..\Src\gpio.c                            0x00000000   Number         0  gpio.o ABSOLUTE
    ..\Src\main.c                            0x00000000   Number         0  main.o ABSOLUTE
    ..\Src\spi.c                             0x00000000   Number         0  spi.o ABSOLUTE
    ..\Src\stm32f1xx_hal_msp.c               0x00000000   Number         0  stm32f1xx_hal_msp.o ABSOLUTE
    ..\Src\stm32f1xx_it.c                    0x00000000   Number         0  stm32f1xx_it.o ABSOLUTE
    ..\Src\system_stm32f1xx.c                0x00000000   Number         0  system_stm32f1xx.o ABSOLUTE
    ..\Src\tim.c                             0x00000000   Number         0  tim.o ABSOLUTE
    ..\Src\usart.c                           0x00000000   Number         0  usart.o ABSOLUTE
    ..\User\utility.c                        0x00000000   Number         0  utility.o ABSOLUTE
    ..\\App\\W5100S\\DHCP.c                  0x00000000   Number         0  dhcp.o ABSOLUTE
    ..\\App\\W5100S\\hw_ping.c               0x00000000   Number         0  hw_ping.o ABSOLUTE
    ..\\App\\W5100S\\socket.c                0x00000000   Number         0  socket.o ABSOLUTE
    ..\\App\\W5100S\\w5100s.c                0x00000000   Number         0  w5100s.o ABSOLUTE
    ..\\App\\W5100S\\w5100s_conf.c           0x00000000   Number         0  w5100s_conf.o ABSOLUTE
    ..\\App\\W5100S\\wizchip_conf.c          0x00000000   Number         0  wizchip_conf.o ABSOLUTE
    ..\\App\\bsp_led.c                       0x00000000   Number         0  bsp_led.o ABSOLUTE
    ..\\App\\bsp_spi.c                       0x00000000   Number         0  bsp_spi.o ABSOLUTE
    ..\\User\\utility.c                      0x00000000   Number         0  utility.o ABSOLUTE
    cdrcmple.s                               0x00000000   Number         0  cdrcmple.o ABSOLUTE
    dc.s                                     0x00000000   Number         0  dc.o ABSOLUTE
    handlers.s                               0x00000000   Number         0  handlers.o ABSOLUTE
    init.s                                   0x00000000   Number         0  init.o ABSOLUTE
    startup_stm32f103xe.s                    0x00000000   Number         0  startup_stm32f103xe.o ABSOLUTE
    RESET                                    0x08000000   Section      304  startup_stm32f103xe.o(RESET)
    .ARM.Collect$$$$00000000                 0x08000130   Section        0  entry.o(.ARM.Collect$$$$00000000)
    .ARM.Collect$$$$00000001                 0x08000130   Section        4  entry2.o(.ARM.Collect$$$$00000001)
    .ARM.Collect$$$$00000004                 0x08000134   Section        4  entry5.o(.ARM.Collect$$$$00000004)
    .ARM.Collect$$$$00000008                 0x08000138   Section        0  entry7b.o(.ARM.Collect$$$$00000008)
    .ARM.Collect$$$$0000000A                 0x08000138   Section        0  entry8b.o(.ARM.Collect$$$$0000000A)
    .ARM.Collect$$$$0000000B                 0x08000138   Section        8  entry9a.o(.ARM.Collect$$$$0000000B)
    .ARM.Collect$$$$0000000D                 0x08000140   Section        0  entry10a.o(.ARM.Collect$$$$0000000D)
    .ARM.Collect$$$$0000000F                 0x08000140   Section        0  entry11a.o(.ARM.Collect$$$$0000000F)
    .ARM.Collect$$$$00002712                 0x08000140   Section        4  entry2.o(.ARM.Collect$$$$00002712)
    __lit__00000000                          0x08000140   Data           4  entry2.o(.ARM.Collect$$$$00002712)
    .text                                    0x08000144   Section       36  startup_stm32f103xe.o(.text)
    .text                                    0x08000168   Section        0  llushr.o(.text)
    .text                                    0x08000188   Section        0  memseta.o(.text)
    .text                                    0x080001ac   Section        0  uidiv.o(.text)
    .text                                    0x080001d8   Section        0  uldiv.o(.text)
    .text                                    0x0800023a   Section        0  iusefp.o(.text)
    .text                                    0x0800023a   Section        0  dadd.o(.text)
    .text                                    0x08000388   Section        0  dmul.o(.text)
    .text                                    0x0800046c   Section        0  ddiv.o(.text)
    .text                                    0x0800054a   Section        0  dfixul.o(.text)
    .text                                    0x0800057c   Section       48  cdrcmple.o(.text)
    .text                                    0x080005ac   Section       36  init.o(.text)
    .text                                    0x080005d0   Section        0  llshl.o(.text)
    .text                                    0x080005ee   Section        0  llsshr.o(.text)
    .text                                    0x08000612   Section        0  depilogue.o(.text)
    i.BusFault_Handler                       0x080006cc   Section        0  stm32f1xx_it.o(i.BusFault_Handler)
    i.DebugMon_Handler                       0x080006ce   Section        0  stm32f1xx_it.o(i.DebugMon_Handler)
    i.EXTI9_5_IRQHandler                     0x080006d0   Section        0  stm32f1xx_it.o(i.EXTI9_5_IRQHandler)
    i.Error_Handler                          0x080006e0   Section        0  main.o(i.Error_Handler)
    i.HAL_DMA_Abort_IT                       0x080006e4   Section        0  stm32f1xx_hal_dma.o(i.HAL_DMA_Abort_IT)
    i.HAL_Delay                              0x08000814   Section        0  stm32f1xx_hal.o(i.HAL_Delay)
    i.HAL_GPIO_EXTI_Callback                 0x08000838   Section        0  stm32f1xx_hal_gpio.o(i.HAL_GPIO_EXTI_Callback)
    i.HAL_GPIO_EXTI_IRQHandler               0x0800083c   Section        0  stm32f1xx_hal_gpio.o(i.HAL_GPIO_EXTI_IRQHandler)
    i.HAL_GPIO_Init                          0x08000854   Section        0  stm32f1xx_hal_gpio.o(i.HAL_GPIO_Init)
    i.HAL_GPIO_TogglePin                     0x08000a4c   Section        0  stm32f1xx_hal_gpio.o(i.HAL_GPIO_TogglePin)
    i.HAL_GPIO_WritePin                      0x08000a5c   Section        0  stm32f1xx_hal_gpio.o(i.HAL_GPIO_WritePin)
    i.HAL_GetTick                            0x08000a68   Section        0  stm32f1xx_hal.o(i.HAL_GetTick)
    i.HAL_IncTick                            0x08000a74   Section        0  stm32f1xx_hal.o(i.HAL_IncTick)
    i.HAL_Init                               0x08000a84   Section        0  stm32f1xx_hal.o(i.HAL_Init)
    i.HAL_InitTick                           0x08000aa8   Section        0  stm32f1xx_hal.o(i.HAL_InitTick)
    i.HAL_MspInit                            0x08000ae8   Section        0  stm32f1xx_hal_msp.o(i.HAL_MspInit)
    i.HAL_NVIC_DisableIRQ                    0x08000b24   Section        0  stm32f1xx_hal_cortex.o(i.HAL_NVIC_DisableIRQ)
    i.HAL_NVIC_EnableIRQ                     0x08000b46   Section        0  stm32f1xx_hal_cortex.o(i.HAL_NVIC_EnableIRQ)
    i.HAL_NVIC_SetPriority                   0x08000b60   Section        0  stm32f1xx_hal_cortex.o(i.HAL_NVIC_SetPriority)
    i.HAL_NVIC_SetPriorityGrouping           0x08000ba0   Section        0  stm32f1xx_hal_cortex.o(i.HAL_NVIC_SetPriorityGrouping)
    i.HAL_RCC_ClockConfig                    0x08000bc4   Section        0  stm32f1xx_hal_rcc.o(i.HAL_RCC_ClockConfig)
    i.HAL_RCC_GetPCLK1Freq                   0x08000cf0   Section        0  stm32f1xx_hal_rcc.o(i.HAL_RCC_GetPCLK1Freq)
    i.HAL_RCC_GetPCLK2Freq                   0x08000d10   Section        0  stm32f1xx_hal_rcc.o(i.HAL_RCC_GetPCLK2Freq)
    i.HAL_RCC_GetSysClockFreq                0x08000d30   Section        0  stm32f1xx_hal_rcc.o(i.HAL_RCC_GetSysClockFreq)
    i.HAL_RCC_OscConfig                      0x08000d9c   Section        0  stm32f1xx_hal_rcc.o(i.HAL_RCC_OscConfig)
    i.HAL_SPI_Init                           0x080010bc   Section        0  stm32f1xx_hal_spi.o(i.HAL_SPI_Init)
    i.HAL_SPI_MspInit                        0x08001170   Section        0  spi.o(i.HAL_SPI_MspInit)
    i.HAL_SPI_TransmitReceive                0x080011e4   Section        0  stm32f1xx_hal_spi.o(i.HAL_SPI_TransmitReceive)
    i.HAL_SYSTICK_Config                     0x080013c6   Section        0  stm32f1xx_hal_cortex.o(i.HAL_SYSTICK_Config)
    i.HAL_TIMEx_BreakCallback                0x080013ee   Section        0  stm32f1xx_hal_tim_ex.o(i.HAL_TIMEx_BreakCallback)
    i.HAL_TIMEx_CommutCallback               0x080013f0   Section        0  stm32f1xx_hal_tim_ex.o(i.HAL_TIMEx_CommutCallback)
    i.HAL_TIMEx_MasterConfigSynchronization  0x080013f4   Section        0  stm32f1xx_hal_tim_ex.o(i.HAL_TIMEx_MasterConfigSynchronization)
    i.HAL_TIM_Base_Init                      0x08001470   Section        0  stm32f1xx_hal_tim.o(i.HAL_TIM_Base_Init)
    i.HAL_TIM_Base_MspDeInit                 0x080014cc   Section        0  tim.o(i.HAL_TIM_Base_MspDeInit)
    i.HAL_TIM_Base_MspInit                   0x080014ec   Section        0  tim.o(i.HAL_TIM_Base_MspInit)
    i.HAL_TIM_ConfigClockSource              0x08001524   Section        0  stm32f1xx_hal_tim.o(i.HAL_TIM_ConfigClockSource)
    i.HAL_TIM_IC_CaptureCallback             0x080015fa   Section        0  stm32f1xx_hal_tim.o(i.HAL_TIM_IC_CaptureCallback)
    i.HAL_TIM_IRQHandler                     0x080015fc   Section        0  stm32f1xx_hal_tim.o(i.HAL_TIM_IRQHandler)
    i.HAL_TIM_OC_DelayElapsedCallback        0x08001762   Section        0  stm32f1xx_hal_tim.o(i.HAL_TIM_OC_DelayElapsedCallback)
    i.HAL_TIM_PWM_PulseFinishedCallback      0x08001764   Section        0  stm32f1xx_hal_tim.o(i.HAL_TIM_PWM_PulseFinishedCallback)
    i.HAL_TIM_PeriodElapsedCallback          0x08001766   Section        0  stm32f1xx_hal_tim.o(i.HAL_TIM_PeriodElapsedCallback)
    i.HAL_TIM_TriggerCallback                0x08001768   Section        0  stm32f1xx_hal_tim.o(i.HAL_TIM_TriggerCallback)
    i.HAL_UART_ErrorCallback                 0x0800176a   Section        0  stm32f1xx_hal_uart.o(i.HAL_UART_ErrorCallback)
    i.HAL_UART_IRQHandler                    0x0800176c   Section        0  stm32f1xx_hal_uart.o(i.HAL_UART_IRQHandler)
    i.HAL_UART_Init                          0x080018c8   Section        0  stm32f1xx_hal_uart.o(i.HAL_UART_Init)
    i.HAL_UART_MspInit                       0x0800192c   Section        0  usart.o(i.HAL_UART_MspInit)
    i.HAL_UART_RxCpltCallback                0x080019ac   Section        0  stm32f1xx_hal_uart.o(i.HAL_UART_RxCpltCallback)
    i.HAL_UART_Transmit                      0x080019b0   Section        0  stm32f1xx_hal_uart.o(i.HAL_UART_Transmit)
    i.HAL_UART_TxCpltCallback                0x08001a62   Section        0  stm32f1xx_hal_uart.o(i.HAL_UART_TxCpltCallback)
    i.HardFault_Handler                      0x08001a64   Section        0  stm32f1xx_it.o(i.HardFault_Handler)
    i.MX_GPIO_Init                           0x08001a68   Section        0  gpio.o(i.MX_GPIO_Init)
    i.MX_SPI2_Init                           0x08001b60   Section        0  spi.o(i.MX_SPI2_Init)
    i.MX_TIM2_Init                           0x08001ba8   Section        0  tim.o(i.MX_TIM2_Init)
    i.MX_USART1_UART_Init                    0x08001c0c   Section        0  usart.o(i.MX_USART1_UART_Init)
    i.MemManage_Handler                      0x08001c44   Section        0  stm32f1xx_it.o(i.MemManage_Handler)
    i.NMI_Handler                            0x08001c46   Section        0  stm32f1xx_it.o(i.NMI_Handler)
    i.PHY_check                              0x08001c48   Section        0  w5100s_conf.o(i.PHY_check)
    i.PendSV_Handler                         0x08001cb4   Section        0  stm32f1xx_it.o(i.PendSV_Handler)
    i.SPI_EndRxTxTransaction                 0x08001cb6   Section        0  stm32f1xx_hal_spi.o(i.SPI_EndRxTxTransaction)
    SPI_EndRxTxTransaction                   0x08001cb7   Thumb Code    32  stm32f1xx_hal_spi.o(i.SPI_EndRxTxTransaction)
    i.SPI_WaitFlagStateUntilTimeout          0x08001cd8   Section        0  stm32f1xx_hal_spi.o(i.SPI_WaitFlagStateUntilTimeout)
    SPI_WaitFlagStateUntilTimeout            0x08001cd9   Thumb Code   180  stm32f1xx_hal_spi.o(i.SPI_WaitFlagStateUntilTimeout)
    i.SVC_Handler                            0x08001d90   Section        0  stm32f1xx_it.o(i.SVC_Handler)
    i.SysTick_Handler                        0x08001d92   Section        0  stm32f1xx_it.o(i.SysTick_Handler)
    i.SystemClock_Config                     0x08001d96   Section        0  main.o(i.SystemClock_Config)
    i.SystemInit                             0x08001de4   Section        0  system_stm32f1xx.o(i.SystemInit)
    i.TIM2_IRQHandler                        0x08001de8   Section        0  stm32f1xx_it.o(i.TIM2_IRQHandler)
    i.TIM_Base_SetConfig                     0x08001df4   Section        0  stm32f1xx_hal_tim.o(i.TIM_Base_SetConfig)
    i.TIM_ETR_SetConfig                      0x08001e80   Section        0  stm32f1xx_hal_tim.o(i.TIM_ETR_SetConfig)
    i.TIM_ITRx_SetConfig                     0x08001e94   Section        0  stm32f1xx_hal_tim.o(i.TIM_ITRx_SetConfig)
    TIM_ITRx_SetConfig                       0x08001e95   Thumb Code    16  stm32f1xx_hal_tim.o(i.TIM_ITRx_SetConfig)
    i.TIM_TI1_ConfigInputStage               0x08001ea4   Section        0  stm32f1xx_hal_tim.o(i.TIM_TI1_ConfigInputStage)
    TIM_TI1_ConfigInputStage                 0x08001ea5   Thumb Code    34  stm32f1xx_hal_tim.o(i.TIM_TI1_ConfigInputStage)
    i.TIM_TI2_ConfigInputStage               0x08001ec6   Section        0  stm32f1xx_hal_tim.o(i.TIM_TI2_ConfigInputStage)
    TIM_TI2_ConfigInputStage                 0x08001ec7   Thumb Code    36  stm32f1xx_hal_tim.o(i.TIM_TI2_ConfigInputStage)
    i.UART_DMAAbortOnError                   0x08001eea   Section        0  stm32f1xx_hal_uart.o(i.UART_DMAAbortOnError)
    UART_DMAAbortOnError                     0x08001eeb   Thumb Code    16  stm32f1xx_hal_uart.o(i.UART_DMAAbortOnError)
    i.UART_EndRxTransfer                     0x08001efa   Section        0  stm32f1xx_hal_uart.o(i.UART_EndRxTransfer)
    UART_EndRxTransfer                       0x08001efb   Thumb Code    28  stm32f1xx_hal_uart.o(i.UART_EndRxTransfer)
    i.UART_Receive_IT                        0x08001f16   Section        0  stm32f1xx_hal_uart.o(i.UART_Receive_IT)
    UART_Receive_IT                          0x08001f17   Thumb Code   140  stm32f1xx_hal_uart.o(i.UART_Receive_IT)
    i.UART_SetConfig                         0x08001fa4   Section        0  stm32f1xx_hal_uart.o(i.UART_SetConfig)
    UART_SetConfig                           0x08001fa5   Thumb Code   178  stm32f1xx_hal_uart.o(i.UART_SetConfig)
    i.UART_WaitOnFlagUntilTimeout            0x0800205c   Section        0  stm32f1xx_hal_uart.o(i.UART_WaitOnFlagUntilTimeout)
    UART_WaitOnFlagUntilTimeout              0x0800205d   Thumb Code   100  stm32f1xx_hal_uart.o(i.UART_WaitOnFlagUntilTimeout)
    i.USART1_IRQHandler                      0x080020c0   Section        0  stm32f1xx_it.o(i.USART1_IRQHandler)
    i.UsageFault_Handler                     0x080020cc   Section        0  stm32f1xx_it.o(i.UsageFault_Handler)
    i.WIZCHIP_READ                           0x080020d0   Section        0  w5100s.o(i.WIZCHIP_READ)
    i.WIZCHIP_READ_BUF                       0x08002108   Section        0  w5100s.o(i.WIZCHIP_READ_BUF)
    i.WIZCHIP_WRITE                          0x08002154   Section        0  w5100s.o(i.WIZCHIP_WRITE)
    i.WIZCHIP_WRITE_BUF                      0x08002190   Section        0  w5100s.o(i.WIZCHIP_WRITE_BUF)
    i.__0printf                              0x080021dc   Section        0  printfa.o(i.__0printf)
    i.__NVIC_SetPriority                     0x080021fc   Section        0  stm32f1xx_hal_cortex.o(i.__NVIC_SetPriority)
    __NVIC_SetPriority                       0x080021fd   Thumb Code    32  stm32f1xx_hal_cortex.o(i.__NVIC_SetPriority)
    i.__scatterload_copy                     0x0800221c   Section       14  handlers.o(i.__scatterload_copy)
    i.__scatterload_null                     0x0800222a   Section        2  handlers.o(i.__scatterload_null)
    i.__scatterload_zeroinit                 0x0800222c   Section       14  handlers.o(i.__scatterload_zeroinit)
    i._fp_digits                             0x0800223c   Section        0  printfa.o(i._fp_digits)
    _fp_digits                               0x0800223d   Thumb Code   366  printfa.o(i._fp_digits)
    i._printf_core                           0x080023c0   Section        0  printfa.o(i._printf_core)
    _printf_core                             0x080023c1   Thumb Code  1744  printfa.o(i._printf_core)
    i._printf_post_padding                   0x08002a9c   Section        0  printfa.o(i._printf_post_padding)
    _printf_post_padding                     0x08002a9d   Thumb Code    36  printfa.o(i._printf_post_padding)
    i._printf_pre_padding                    0x08002ac0   Section        0  printfa.o(i._printf_pre_padding)
    _printf_pre_padding                      0x08002ac1   Thumb Code    46  printfa.o(i._printf_pre_padding)
    i.close                                  0x08002af0   Section        0  socket.o(i.close)
    i.cs_high                                0x08002b60   Section        0  bsp_spi.o(i.cs_high)
    i.cs_low                                 0x08002b70   Section        0  bsp_spi.o(i.cs_low)
    i.fputc                                  0x08002b80   Section        0  usart.o(i.fputc)
    i.getPHYStatus                           0x08002b98   Section        0  w5100s_conf.o(i.getPHYStatus)
    i.hw_ping                                0x08002ba0   Section        0  hw_ping.o(i.hw_ping)
    i.main                                   0x08002bbc   Section        0  main.o(i.main)
    i.reg_wizchip_cs_cbfunc                  0x08002d38   Section        0  wizchip_conf.o(i.reg_wizchip_cs_cbfunc)
    i.reg_wizchip_spi_cbfunc                 0x08002d5c   Section        0  wizchip_conf.o(i.reg_wizchip_spi_cbfunc)
    i.reset_w5100s                           0x08002d88   Section        0  w5100s_conf.o(i.reset_w5100s)
    i.set_w5100s_mac                         0x08002db8   Section        0  w5100s_conf.o(i.set_w5100s_mac)
    i.set_w5100s_netinfo                     0x08002e3c   Section        0  w5100s_conf.o(i.set_w5100s_netinfo)
    i.spi_read_byte                          0x08002fb8   Section        0  bsp_spi.o(i.spi_read_byte)
    i.spi_send_byte                          0x08002fd4   Section        0  bsp_spi.o(i.spi_send_byte)
    i.sysinit                                0x08002ff0   Section        0  w5100s_conf.o(i.sysinit)
    i.wizchip_bus_readdata                   0x08003008   Section        0  wizchip_conf.o(i.wizchip_bus_readdata)
    i.wizchip_bus_writedata                  0x0800300c   Section        0  wizchip_conf.o(i.wizchip_bus_writedata)
    i.wizchip_cris_enter                     0x08003010   Section        0  wizchip_conf.o(i.wizchip_cris_enter)
    i.wizchip_cris_exit                      0x08003012   Section        0  wizchip_conf.o(i.wizchip_cris_exit)
    i.wizchip_cs_deselect                    0x08003014   Section        0  wizchip_conf.o(i.wizchip_cs_deselect)
    i.wizchip_cs_select                      0x08003016   Section        0  wizchip_conf.o(i.wizchip_cs_select)
    i.wizchip_spi_readbyte                   0x08003018   Section        0  wizchip_conf.o(i.wizchip_spi_readbyte)
    i.wizchip_spi_writebyte                  0x0800301c   Section        0  wizchip_conf.o(i.wizchip_spi_writebyte)
    .constdata                               0x0800301e   Section       16  system_stm32f1xx.o(.constdata)
    .constdata                               0x0800302e   Section        8  system_stm32f1xx.o(.constdata)
    .conststring                             0x08003038   Section      149  main.o(.conststring)
    .data                                    0x20000000   Section        6  main.o(.data)
    .data                                    0x20000008   Section       12  stm32f1xx_hal.o(.data)
    .data                                    0x20000014   Section        4  system_stm32f1xx.o(.data)
    .data                                    0x20000018   Section       52  wizchip_conf.o(.data)
    _DHCP_                                   0x20000018   Data           1  wizchip_conf.o(.data)
    _DNS_                                    0x20000019   Data           4  wizchip_conf.o(.data)
    .data                                    0x2000004c   Section       30  w5100s_conf.o(.data)
    .data                                    0x2000006a   Section       18  socket.o(.data)
    sock_any_port                            0x2000006a   Data           2  socket.o(.data)
    sock_io_mode                             0x2000006c   Data           2  socket.o(.data)
    sock_is_sending                          0x2000006e   Data           2  socket.o(.data)
    sock_remained_size                       0x20000074   Data           8  socket.o(.data)
    .data                                    0x2000007c   Section        4  hw_ping.o(.data)
    .data                                    0x20000080   Section        1  hw_ping.o(.data)
    .data                                    0x20000084   Section        4  stdout.o(.data)
    .bss                                     0x20000088   Section       88  spi.o(.bss)
    .bss                                     0x200000e0   Section       72  tim.o(.bss)
    .bss                                     0x20000128   Section       64  usart.o(.bss)
    .bss                                     0x20000168   Section       28  w5100s_conf.o(.bss)
    STACK                                    0x20000188   Section     1024  startup_stm32f103xe.o(STACK)

    Global Symbols

    Symbol Name                              Value     Ov Type        Size  Object(Section)

    BuildAttributes$$THM_ISAv4$P$D$K$B$S$PE$A:L22UL41UL21$X:L11$S22US41US21$IEEE1$IW$USESV6$~STKCKD$USESV7$~SHL$OSPACE$ROPI$EBA8$MICROLIB$REQ8$PRES8$EABIv2 0x00000000   Number         0  anon$$obj.o ABSOLUTE
    __ARM_use_no_argv                        0x00000000   Number         0  main.o ABSOLUTE
    _printf_a                                0x00000000   Number         0  stubs.o ABSOLUTE
    _printf_c                                0x00000000   Number         0  stubs.o ABSOLUTE
    _printf_charcount                        0x00000000   Number         0  stubs.o ABSOLUTE
    _printf_d                                0x00000000   Number         0  stubs.o ABSOLUTE
    _printf_e                                0x00000000   Number         0  stubs.o ABSOLUTE
    _printf_f                                0x00000000   Number         0  stubs.o ABSOLUTE
    _printf_flags                            0x00000000   Number         0  stubs.o ABSOLUTE
    _printf_fp_dec                           0x00000000   Number         0  stubs.o ABSOLUTE
    _printf_fp_hex                           0x00000000   Number         0  stubs.o ABSOLUTE
    _printf_g                                0x00000000   Number         0  stubs.o ABSOLUTE
    _printf_i                                0x00000000   Number         0  stubs.o ABSOLUTE
    _printf_int_dec                          0x00000000   Number         0  stubs.o ABSOLUTE
    _printf_l                                0x00000000   Number         0  stubs.o ABSOLUTE
    _printf_lc                               0x00000000   Number         0  stubs.o ABSOLUTE
    _printf_ll                               0x00000000   Number         0  stubs.o ABSOLUTE
    _printf_lld                              0x00000000   Number         0  stubs.o ABSOLUTE
    _printf_lli                              0x00000000   Number         0  stubs.o ABSOLUTE
    _printf_llo                              0x00000000   Number         0  stubs.o ABSOLUTE
    _printf_llu                              0x00000000   Number         0  stubs.o ABSOLUTE
    _printf_llx                              0x00000000   Number         0  stubs.o ABSOLUTE
    _printf_longlong_dec                     0x00000000   Number         0  stubs.o ABSOLUTE
    _printf_longlong_hex                     0x00000000   Number         0  stubs.o ABSOLUTE
    _printf_longlong_oct                     0x00000000   Number         0  stubs.o ABSOLUTE
    _printf_ls                               0x00000000   Number         0  stubs.o ABSOLUTE
    _printf_mbtowc                           0x00000000   Number         0  stubs.o ABSOLUTE
    _printf_n                                0x00000000   Number         0  stubs.o ABSOLUTE
    _printf_o                                0x00000000   Number         0  stubs.o ABSOLUTE
    _printf_p                                0x00000000   Number         0  stubs.o ABSOLUTE
    _printf_percent                          0x00000000   Number         0  stubs.o ABSOLUTE
    _printf_pre_padding                      0x00000000   Number         0  stubs.o ABSOLUTE
    _printf_return_value                     0x00000000   Number         0  stubs.o ABSOLUTE
    _printf_s                                0x00000000   Number         0  stubs.o ABSOLUTE
    _printf_sizespec                         0x00000000   Number         0  stubs.o ABSOLUTE
    _printf_str                              0x00000000   Number         0  stubs.o ABSOLUTE
    _printf_truncate_signed                  0x00000000   Number         0  stubs.o ABSOLUTE
    _printf_truncate_unsigned                0x00000000   Number         0  stubs.o ABSOLUTE
    _printf_u                                0x00000000   Number         0  stubs.o ABSOLUTE
    _printf_wc                               0x00000000   Number         0  stubs.o ABSOLUTE
    _printf_wctomb                           0x00000000   Number         0  stubs.o ABSOLUTE
    _printf_widthprec                        0x00000000   Number         0  stubs.o ABSOLUTE
    _printf_x                                0x00000000   Number         0  stubs.o ABSOLUTE
    __cpp_initialize__aeabi_                  - Undefined Weak Reference
    __cxa_finalize                            - Undefined Weak Reference
    __decompress                              - Undefined Weak Reference
    _clock_init                               - Undefined Weak Reference
    _microlib_exit                            - Undefined Weak Reference
    __Vectors_Size                           0x00000130   Number         0  startup_stm32f103xe.o ABSOLUTE
    __Vectors                                0x08000000   Data           4  startup_stm32f103xe.o(RESET)
    __Vectors_End                            0x08000130   Data           0  startup_stm32f103xe.o(RESET)
    __main                                   0x08000131   Thumb Code     0  entry.o(.ARM.Collect$$$$00000000)
    _main_stk                                0x08000131   Thumb Code     0  entry2.o(.ARM.Collect$$$$00000001)
    _main_scatterload                        0x08000135   Thumb Code     0  entry5.o(.ARM.Collect$$$$00000004)
    __main_after_scatterload                 0x08000139   Thumb Code     0  entry5.o(.ARM.Collect$$$$00000004)
    _main_clock                              0x08000139   Thumb Code     0  entry7b.o(.ARM.Collect$$$$00000008)
    _main_cpp_init                           0x08000139   Thumb Code     0  entry8b.o(.ARM.Collect$$$$0000000A)
    _main_init                               0x08000139   Thumb Code     0  entry9a.o(.ARM.Collect$$$$0000000B)
    __rt_final_cpp                           0x08000141   Thumb Code     0  entry10a.o(.ARM.Collect$$$$0000000D)
    __rt_final_exit                          0x08000141   Thumb Code     0  entry11a.o(.ARM.Collect$$$$0000000F)
    Reset_Handler                            0x08000145   Thumb Code     8  startup_stm32f103xe.o(.text)
    ADC1_2_IRQHandler                        0x0800015f   Thumb Code     0  startup_stm32f103xe.o(.text)
    ADC3_IRQHandler                          0x0800015f   Thumb Code     0  startup_stm32f103xe.o(.text)
    CAN1_RX1_IRQHandler                      0x0800015f   Thumb Code     0  startup_stm32f103xe.o(.text)
    CAN1_SCE_IRQHandler                      0x0800015f   Thumb Code     0  startup_stm32f103xe.o(.text)
    DMA1_Channel1_IRQHandler                 0x0800015f   Thumb Code     0  startup_stm32f103xe.o(.text)
    DMA1_Channel2_IRQHandler                 0x0800015f   Thumb Code     0  startup_stm32f103xe.o(.text)
    DMA1_Channel3_IRQHandler                 0x0800015f   Thumb Code     0  startup_stm32f103xe.o(.text)
    DMA1_Channel4_IRQHandler                 0x0800015f   Thumb Code     0  startup_stm32f103xe.o(.text)
    DMA1_Channel5_IRQHandler                 0x0800015f   Thumb Code     0  startup_stm32f103xe.o(.text)
    DMA1_Channel6_IRQHandler                 0x0800015f   Thumb Code     0  startup_stm32f103xe.o(.text)
    DMA1_Channel7_IRQHandler                 0x0800015f   Thumb Code     0  startup_stm32f103xe.o(.text)
    DMA2_Channel1_IRQHandler                 0x0800015f   Thumb Code     0  startup_stm32f103xe.o(.text)
    DMA2_Channel2_IRQHandler                 0x0800015f   Thumb Code     0  startup_stm32f103xe.o(.text)
    DMA2_Channel3_IRQHandler                 0x0800015f   Thumb Code     0  startup_stm32f103xe.o(.text)
    DMA2_Channel4_5_IRQHandler               0x0800015f   Thumb Code     0  startup_stm32f103xe.o(.text)
    EXTI0_IRQHandler                         0x0800015f   Thumb Code     0  startup_stm32f103xe.o(.text)
    EXTI15_10_IRQHandler                     0x0800015f   Thumb Code     0  startup_stm32f103xe.o(.text)
    EXTI1_IRQHandler                         0x0800015f   Thumb Code     0  startup_stm32f103xe.o(.text)
    EXTI2_IRQHandler                         0x0800015f   Thumb Code     0  startup_stm32f103xe.o(.text)
    EXTI3_IRQHandler                         0x0800015f   Thumb Code     0  startup_stm32f103xe.o(.text)
    EXTI4_IRQHandler                         0x0800015f   Thumb Code     0  startup_stm32f103xe.o(.text)
    FLASH_IRQHandler                         0x0800015f   Thumb Code     0  startup_stm32f103xe.o(.text)
    FSMC_IRQHandler                          0x0800015f   Thumb Code     0  startup_stm32f103xe.o(.text)
    I2C1_ER_IRQHandler                       0x0800015f   Thumb Code     0  startup_stm32f103xe.o(.text)
    I2C1_EV_IRQHandler                       0x0800015f   Thumb Code     0  startup_stm32f103xe.o(.text)
    I2C2_ER_IRQHandler                       0x0800015f   Thumb Code     0  startup_stm32f103xe.o(.text)
    I2C2_EV_IRQHandler                       0x0800015f   Thumb Code     0  startup_stm32f103xe.o(.text)
    PVD_IRQHandler                           0x0800015f   Thumb Code     0  startup_stm32f103xe.o(.text)
    RCC_IRQHandler                           0x0800015f   Thumb Code     0  startup_stm32f103xe.o(.text)
    RTC_Alarm_IRQHandler                     0x0800015f   Thumb Code     0  startup_stm32f103xe.o(.text)
    RTC_IRQHandler                           0x0800015f   Thumb Code     0  startup_stm32f103xe.o(.text)
    SDIO_IRQHandler                          0x0800015f   Thumb Code     0  startup_stm32f103xe.o(.text)
    SPI1_IRQHandler                          0x0800015f   Thumb Code     0  startup_stm32f103xe.o(.text)
    SPI2_IRQHandler                          0x0800015f   Thumb Code     0  startup_stm32f103xe.o(.text)
    SPI3_IRQHandler                          0x0800015f   Thumb Code     0  startup_stm32f103xe.o(.text)
    TAMPER_IRQHandler                        0x0800015f   Thumb Code     0  startup_stm32f103xe.o(.text)
    TIM1_BRK_IRQHandler                      0x0800015f   Thumb Code     0  startup_stm32f103xe.o(.text)
    TIM1_CC_IRQHandler                       0x0800015f   Thumb Code     0  startup_stm32f103xe.o(.text)
    TIM1_TRG_COM_IRQHandler                  0x0800015f   Thumb Code     0  startup_stm32f103xe.o(.text)
    TIM1_UP_IRQHandler                       0x0800015f   Thumb Code     0  startup_stm32f103xe.o(.text)
    TIM3_IRQHandler                          0x0800015f   Thumb Code     0  startup_stm32f103xe.o(.text)
    TIM4_IRQHandler                          0x0800015f   Thumb Code     0  startup_stm32f103xe.o(.text)
    TIM5_IRQHandler                          0x0800015f   Thumb Code     0  startup_stm32f103xe.o(.text)
    TIM6_IRQHandler                          0x0800015f   Thumb Code     0  startup_stm32f103xe.o(.text)
    TIM7_IRQHandler                          0x0800015f   Thumb Code     0  startup_stm32f103xe.o(.text)
    TIM8_BRK_IRQHandler                      0x0800015f   Thumb Code     0  startup_stm32f103xe.o(.text)
    TIM8_CC_IRQHandler                       0x0800015f   Thumb Code     0  startup_stm32f103xe.o(.text)
    TIM8_TRG_COM_IRQHandler                  0x0800015f   Thumb Code     0  startup_stm32f103xe.o(.text)
    TIM8_UP_IRQHandler                       0x0800015f   Thumb Code     0  startup_stm32f103xe.o(.text)
    UART4_IRQHandler                         0x0800015f   Thumb Code     0  startup_stm32f103xe.o(.text)
    UART5_IRQHandler                         0x0800015f   Thumb Code     0  startup_stm32f103xe.o(.text)
    USART2_IRQHandler                        0x0800015f   Thumb Code     0  startup_stm32f103xe.o(.text)
    USART3_IRQHandler                        0x0800015f   Thumb Code     0  startup_stm32f103xe.o(.text)
    USBWakeUp_IRQHandler                     0x0800015f   Thumb Code     0  startup_stm32f103xe.o(.text)
    USB_HP_CAN1_TX_IRQHandler                0x0800015f   Thumb Code     0  startup_stm32f103xe.o(.text)
    USB_LP_CAN1_RX0_IRQHandler               0x0800015f   Thumb Code     0  startup_stm32f103xe.o(.text)
    WWDG_IRQHandler                          0x0800015f   Thumb Code     0  startup_stm32f103xe.o(.text)
    __aeabi_llsr                             0x08000169   Thumb Code    32  llushr.o(.text)
    _ll_ushift_r                             0x08000169   Thumb Code     0  llushr.o(.text)
    __aeabi_memset                           0x08000189   Thumb Code    14  memseta.o(.text)
    __aeabi_memset4                          0x08000189   Thumb Code     0  memseta.o(.text)
    __aeabi_memset8                          0x08000189   Thumb Code     0  memseta.o(.text)
    __aeabi_memclr                           0x08000197   Thumb Code     4  memseta.o(.text)
    __aeabi_memclr4                          0x08000197   Thumb Code     0  memseta.o(.text)
    __aeabi_memclr8                          0x08000197   Thumb Code     0  memseta.o(.text)
    _memset$wrapper                          0x0800019b   Thumb Code    18  memseta.o(.text)
    __aeabi_uidiv                            0x080001ad   Thumb Code     0  uidiv.o(.text)
    __aeabi_uidivmod                         0x080001ad   Thumb Code    44  uidiv.o(.text)
    __aeabi_uldivmod                         0x080001d9   Thumb Code    98  uldiv.o(.text)
    __I$use$fp                               0x0800023b   Thumb Code     0  iusefp.o(.text)
    __aeabi_dadd                             0x0800023b   Thumb Code   322  dadd.o(.text)
    __aeabi_dsub                             0x0800037d   Thumb Code     6  dadd.o(.text)
    __aeabi_drsub                            0x08000383   Thumb Code     6  dadd.o(.text)
    __aeabi_dmul                             0x08000389   Thumb Code   228  dmul.o(.text)
    __aeabi_ddiv                             0x0800046d   Thumb Code   222  ddiv.o(.text)
    __aeabi_d2ulz                            0x0800054b   Thumb Code    48  dfixul.o(.text)
    __aeabi_cdrcmple                         0x0800057d   Thumb Code    48  cdrcmple.o(.text)
    __scatterload                            0x080005ad   Thumb Code    28  init.o(.text)
    __scatterload_rt2                        0x080005ad   Thumb Code     0  init.o(.text)
    __aeabi_llsl                             0x080005d1   Thumb Code    30  llshl.o(.text)
    _ll_shift_l                              0x080005d1   Thumb Code     0  llshl.o(.text)
    __aeabi_lasr                             0x080005ef   Thumb Code    36  llsshr.o(.text)
    _ll_sshift_r                             0x080005ef   Thumb Code     0  llsshr.o(.text)
    _double_round                            0x08000613   Thumb Code    30  depilogue.o(.text)
    _double_epilogue                         0x08000631   Thumb Code   156  depilogue.o(.text)
    BusFault_Handler                         0x080006cd   Thumb Code     2  stm32f1xx_it.o(i.BusFault_Handler)
    DebugMon_Handler                         0x080006cf   Thumb Code     2  stm32f1xx_it.o(i.DebugMon_Handler)
    EXTI9_5_IRQHandler                       0x080006d1   Thumb Code    12  stm32f1xx_it.o(i.EXTI9_5_IRQHandler)
    Error_Handler                            0x080006e1   Thumb Code     2  main.o(i.Error_Handler)
    HAL_DMA_Abort_IT                         0x080006e5   Thumb Code   296  stm32f1xx_hal_dma.o(i.HAL_DMA_Abort_IT)
    HAL_Delay                                0x08000815   Thumb Code    32  stm32f1xx_hal.o(i.HAL_Delay)
    HAL_GPIO_EXTI_Callback                   0x08000839   Thumb Code     2  stm32f1xx_hal_gpio.o(i.HAL_GPIO_EXTI_Callback)
    HAL_GPIO_EXTI_IRQHandler                 0x0800083d   Thumb Code    18  stm32f1xx_hal_gpio.o(i.HAL_GPIO_EXTI_IRQHandler)
    HAL_GPIO_Init                            0x08000855   Thumb Code   462  stm32f1xx_hal_gpio.o(i.HAL_GPIO_Init)
    HAL_GPIO_TogglePin                       0x08000a4d   Thumb Code    16  stm32f1xx_hal_gpio.o(i.HAL_GPIO_TogglePin)
    HAL_GPIO_WritePin                        0x08000a5d   Thumb Code    10  stm32f1xx_hal_gpio.o(i.HAL_GPIO_WritePin)
    HAL_GetTick                              0x08000a69   Thumb Code     6  stm32f1xx_hal.o(i.HAL_GetTick)
    HAL_IncTick                              0x08000a75   Thumb Code    12  stm32f1xx_hal.o(i.HAL_IncTick)
    HAL_Init                                 0x08000a85   Thumb Code    32  stm32f1xx_hal.o(i.HAL_Init)
    HAL_InitTick                             0x08000aa9   Thumb Code    54  stm32f1xx_hal.o(i.HAL_InitTick)
    HAL_MspInit                              0x08000ae9   Thumb Code    52  stm32f1xx_hal_msp.o(i.HAL_MspInit)
    HAL_NVIC_DisableIRQ                      0x08000b25   Thumb Code    34  stm32f1xx_hal_cortex.o(i.HAL_NVIC_DisableIRQ)
    HAL_NVIC_EnableIRQ                       0x08000b47   Thumb Code    26  stm32f1xx_hal_cortex.o(i.HAL_NVIC_EnableIRQ)
    HAL_NVIC_SetPriority                     0x08000b61   Thumb Code    60  stm32f1xx_hal_cortex.o(i.HAL_NVIC_SetPriority)
    HAL_NVIC_SetPriorityGrouping             0x08000ba1   Thumb Code    26  stm32f1xx_hal_cortex.o(i.HAL_NVIC_SetPriorityGrouping)
    HAL_RCC_ClockConfig                      0x08000bc5   Thumb Code   280  stm32f1xx_hal_rcc.o(i.HAL_RCC_ClockConfig)
    HAL_RCC_GetPCLK1Freq                     0x08000cf1   Thumb Code    20  stm32f1xx_hal_rcc.o(i.HAL_RCC_GetPCLK1Freq)
    HAL_RCC_GetPCLK2Freq                     0x08000d11   Thumb Code    20  stm32f1xx_hal_rcc.o(i.HAL_RCC_GetPCLK2Freq)
    HAL_RCC_GetSysClockFreq                  0x08000d31   Thumb Code    74  stm32f1xx_hal_rcc.o(i.HAL_RCC_GetSysClockFreq)
    HAL_RCC_OscConfig                        0x08000d9d   Thumb Code   778  stm32f1xx_hal_rcc.o(i.HAL_RCC_OscConfig)
    HAL_SPI_Init                             0x080010bd   Thumb Code   178  stm32f1xx_hal_spi.o(i.HAL_SPI_Init)
    HAL_SPI_MspInit                          0x08001171   Thumb Code   102  spi.o(i.HAL_SPI_MspInit)
    HAL_SPI_TransmitReceive                  0x080011e5   Thumb Code   482  stm32f1xx_hal_spi.o(i.HAL_SPI_TransmitReceive)
    HAL_SYSTICK_Config                       0x080013c7   Thumb Code    40  stm32f1xx_hal_cortex.o(i.HAL_SYSTICK_Config)
    HAL_TIMEx_BreakCallback                  0x080013ef   Thumb Code     2  stm32f1xx_hal_tim_ex.o(i.HAL_TIMEx_BreakCallback)
    HAL_TIMEx_CommutCallback                 0x080013f1   Thumb Code     2  stm32f1xx_hal_tim_ex.o(i.HAL_TIMEx_CommutCallback)
    HAL_TIMEx_MasterConfigSynchronization    0x080013f5   Thumb Code   104  stm32f1xx_hal_tim_ex.o(i.HAL_TIMEx_MasterConfigSynchronization)
    HAL_TIM_Base_Init                        0x08001471   Thumb Code    90  stm32f1xx_hal_tim.o(i.HAL_TIM_Base_Init)
    HAL_TIM_Base_MspDeInit                   0x080014cd   Thumb Code    26  tim.o(i.HAL_TIM_Base_MspDeInit)
    HAL_TIM_Base_MspInit                     0x080014ed   Thumb Code    50  tim.o(i.HAL_TIM_Base_MspInit)
    HAL_TIM_ConfigClockSource                0x08001525   Thumb Code   214  stm32f1xx_hal_tim.o(i.HAL_TIM_ConfigClockSource)
    HAL_TIM_IC_CaptureCallback               0x080015fb   Thumb Code     2  stm32f1xx_hal_tim.o(i.HAL_TIM_IC_CaptureCallback)
    HAL_TIM_IRQHandler                       0x080015fd   Thumb Code   358  stm32f1xx_hal_tim.o(i.HAL_TIM_IRQHandler)
    HAL_TIM_OC_DelayElapsedCallback          0x08001763   Thumb Code     2  stm32f1xx_hal_tim.o(i.HAL_TIM_OC_DelayElapsedCallback)
    HAL_TIM_PWM_PulseFinishedCallback        0x08001765   Thumb Code     2  stm32f1xx_hal_tim.o(i.HAL_TIM_PWM_PulseFinishedCallback)
    HAL_TIM_PeriodElapsedCallback            0x08001767   Thumb Code     2  stm32f1xx_hal_tim.o(i.HAL_TIM_PeriodElapsedCallback)
    HAL_TIM_TriggerCallback                  0x08001769   Thumb Code     2  stm32f1xx_hal_tim.o(i.HAL_TIM_TriggerCallback)
    HAL_UART_ErrorCallback                   0x0800176b   Thumb Code     2  stm32f1xx_hal_uart.o(i.HAL_UART_ErrorCallback)
    HAL_UART_IRQHandler                      0x0800176d   Thumb Code   344  stm32f1xx_hal_uart.o(i.HAL_UART_IRQHandler)
    HAL_UART_Init                            0x080018c9   Thumb Code    98  stm32f1xx_hal_uart.o(i.HAL_UART_Init)
    HAL_UART_MspInit                         0x0800192d   Thumb Code   116  usart.o(i.HAL_UART_MspInit)
    HAL_UART_RxCpltCallback                  0x080019ad   Thumb Code     2  stm32f1xx_hal_uart.o(i.HAL_UART_RxCpltCallback)
    HAL_UART_Transmit                        0x080019b1   Thumb Code   178  stm32f1xx_hal_uart.o(i.HAL_UART_Transmit)
    HAL_UART_TxCpltCallback                  0x08001a63   Thumb Code     2  stm32f1xx_hal_uart.o(i.HAL_UART_TxCpltCallback)
    HardFault_Handler                        0x08001a65   Thumb Code     2  stm32f1xx_it.o(i.HardFault_Handler)
    MX_GPIO_Init                             0x08001a69   Thumb Code   226  gpio.o(i.MX_GPIO_Init)
    MX_SPI2_Init                             0x08001b61   Thumb Code    62  spi.o(i.MX_SPI2_Init)
    MX_TIM2_Init                             0x08001ba9   Thumb Code    96  tim.o(i.MX_TIM2_Init)
    MX_USART1_UART_Init                      0x08001c0d   Thumb Code    48  usart.o(i.MX_USART1_UART_Init)
    MemManage_Handler                        0x08001c45   Thumb Code     2  stm32f1xx_it.o(i.MemManage_Handler)
    NMI_Handler                              0x08001c47   Thumb Code     2  stm32f1xx_it.o(i.NMI_Handler)
    PHY_check                                0x08001c49   Thumb Code    72  w5100s_conf.o(i.PHY_check)
    PendSV_Handler                           0x08001cb5   Thumb Code     2  stm32f1xx_it.o(i.PendSV_Handler)
    SVC_Handler                              0x08001d91   Thumb Code     2  stm32f1xx_it.o(i.SVC_Handler)
    SysTick_Handler                          0x08001d93   Thumb Code     4  stm32f1xx_it.o(i.SysTick_Handler)
    SystemClock_Config                       0x08001d97   Thumb Code    78  main.o(i.SystemClock_Config)
    SystemInit                               0x08001de5   Thumb Code     2  system_stm32f1xx.o(i.SystemInit)
    TIM2_IRQHandler                          0x08001de9   Thumb Code     6  stm32f1xx_it.o(i.TIM2_IRQHandler)
    TIM_Base_SetConfig                       0x08001df5   Thumb Code   120  stm32f1xx_hal_tim.o(i.TIM_Base_SetConfig)
    TIM_ETR_SetConfig                        0x08001e81   Thumb Code    20  stm32f1xx_hal_tim.o(i.TIM_ETR_SetConfig)
    USART1_IRQHandler                        0x080020c1   Thumb Code     6  stm32f1xx_it.o(i.USART1_IRQHandler)
    UsageFault_Handler                       0x080020cd   Thumb Code     2  stm32f1xx_it.o(i.UsageFault_Handler)
    WIZCHIP_READ                             0x080020d1   Thumb Code    52  w5100s.o(i.WIZCHIP_READ)
    WIZCHIP_READ_BUF                         0x08002109   Thumb Code    72  w5100s.o(i.WIZCHIP_READ_BUF)
    WIZCHIP_WRITE                            0x08002155   Thumb Code    54  w5100s.o(i.WIZCHIP_WRITE)
    WIZCHIP_WRITE_BUF                        0x08002191   Thumb Code    72  w5100s.o(i.WIZCHIP_WRITE_BUF)
    __0printf                                0x080021dd   Thumb Code    22  printfa.o(i.__0printf)
    __1printf                                0x080021dd   Thumb Code     0  printfa.o(i.__0printf)
    __2printf                                0x080021dd   Thumb Code     0  printfa.o(i.__0printf)
    __c89printf                              0x080021dd   Thumb Code     0  printfa.o(i.__0printf)
    printf                                   0x080021dd   Thumb Code     0  printfa.o(i.__0printf)
    __scatterload_copy                       0x0800221d   Thumb Code    14  handlers.o(i.__scatterload_copy)
    __scatterload_null                       0x0800222b   Thumb Code     2  handlers.o(i.__scatterload_null)
    __scatterload_zeroinit                   0x0800222d   Thumb Code    14  handlers.o(i.__scatterload_zeroinit)
    close                                    0x08002af1   Thumb Code   106  socket.o(i.close)
    cs_high                                  0x08002b61   Thumb Code    10  bsp_spi.o(i.cs_high)
    cs_low                                   0x08002b71   Thumb Code    12  bsp_spi.o(i.cs_low)
    fputc                                    0x08002b81   Thumb Code    20  usart.o(i.fputc)
    getPHYStatus                             0x08002b99   Thumb Code     6  w5100s_conf.o(i.getPHYStatus)
    hw_ping                                  0x08002ba1   Thumb Code    24  hw_ping.o(i.hw_ping)
    main                                     0x08002bbd   Thumb Code   264  main.o(i.main)
    reg_wizchip_cs_cbfunc                    0x08002d39   Thumb Code    22  wizchip_conf.o(i.reg_wizchip_cs_cbfunc)
    reg_wizchip_spi_cbfunc                   0x08002d5d   Thumb Code    30  wizchip_conf.o(i.reg_wizchip_spi_cbfunc)
    reset_w5100s                             0x08002d89   Thumb Code    44  w5100s_conf.o(i.reset_w5100s)
    set_w5100s_mac                           0x08002db9   Thumb Code    72  w5100s_conf.o(i.set_w5100s_mac)
    set_w5100s_netinfo                       0x08002e3d   Thumb Code   194  w5100s_conf.o(i.set_w5100s_netinfo)
    spi_read_byte                            0x08002fb9   Thumb Code    24  bsp_spi.o(i.spi_read_byte)
    spi_send_byte                            0x08002fd5   Thumb Code    24  bsp_spi.o(i.spi_send_byte)
    sysinit                                  0x08002ff1   Thumb Code    24  w5100s_conf.o(i.sysinit)
    wizchip_bus_readdata                     0x08003009   Thumb Code     4  wizchip_conf.o(i.wizchip_bus_readdata)
    wizchip_bus_writedata                    0x0800300d   Thumb Code     4  wizchip_conf.o(i.wizchip_bus_writedata)
    wizchip_cris_enter                       0x08003011   Thumb Code     2  wizchip_conf.o(i.wizchip_cris_enter)
    wizchip_cris_exit                        0x08003013   Thumb Code     2  wizchip_conf.o(i.wizchip_cris_exit)
    wizchip_cs_deselect                      0x08003015   Thumb Code     2  wizchip_conf.o(i.wizchip_cs_deselect)
    wizchip_cs_select                        0x08003017   Thumb Code     2  wizchip_conf.o(i.wizchip_cs_select)
    wizchip_spi_readbyte                     0x08003019   Thumb Code     4  wizchip_conf.o(i.wizchip_spi_readbyte)
    wizchip_spi_writebyte                    0x0800301d   Thumb Code     2  wizchip_conf.o(i.wizchip_spi_writebyte)
    AHBPrescTable                            0x0800301e   Data          16  system_stm32f1xx.o(.constdata)
    APBPrescTable                            0x0800302e   Data           8  system_stm32f1xx.o(.constdata)
    Region$$Table$$Base                      0x080030d0   Number         0  anon$$obj.o(Region$$Table)
    Region$$Table$$Limit                     0x080030f0   Number         0  anon$$obj.o(Region$$Table)
    remote_mac                               0x20000000   Data           6  main.o(.data)
    uwTickFreq                               0x20000008   Data           1  stm32f1xx_hal.o(.data)
    uwTickPrio                               0x2000000c   Data           4  stm32f1xx_hal.o(.data)
    uwTick                                   0x20000010   Data           4  stm32f1xx_hal.o(.data)
    SystemCoreClock                          0x20000014   Data           4  system_stm32f1xx.o(.data)
    WIZCHIP                                  0x20000020   Data          44  wizchip_conf.o(.data)
    ip_from                                  0x2000004c   Data           1  w5100s_conf.o(.data)
    ntptimer                                 0x2000004d   Data           1  w5100s_conf.o(.data)
    local_ip                                 0x2000004e   Data           4  w5100s_conf.o(.data)
    subnet                                   0x20000052   Data           4  w5100s_conf.o(.data)
    gateway                                  0x20000056   Data           4  w5100s_conf.o(.data)
    dns_server                               0x2000005a   Data           4  w5100s_conf.o(.data)
    ms                                       0x20000060   Data           4  w5100s_conf.o(.data)
    mac                                      0x20000064   Data           6  w5100s_conf.o(.data)
    sock_pack_info                           0x20000070   Data           4  socket.o(.data)
    hw_ping_ip                               0x2000007c   Data           4  hw_ping.o(.data)
    exti_flag                                0x20000080   Data           1  hw_ping.o(.data)
    __stdout                                 0x20000084   Data           4  stdout.o(.data)
    hspi2                                    0x20000088   Data          88  spi.o(.bss)
    htim2                                    0x200000e0   Data          72  tim.o(.bss)
    huart1                                   0x20000128   Data          64  usart.o(.bss)
    ConfigMsg                                0x20000168   Data          28  w5100s_conf.o(.bss)
    __initial_sp                             0x20000588   Data           0  startup_stm32f103xe.o(STACK)



==============================================================================

Memory Map of the image

  Image Entry point : 0x08000131

  Load Region LR_IROM1 (Base: 0x08000000, Size: 0x00003178, Max: 0x00040000, ABSOLUTE)

    Execution Region ER_IROM1 (Exec base: 0x08000000, Load base: 0x08000000, Size: 0x000030f0, Max: 0x00040000, ABSOLUTE)

    Exec Addr    Load Addr    Size         Type   Attr      Idx    E Section Name        Object

    0x08000000   0x08000000   0x00000130   Data   RO            3    RESET               startup_stm32f103xe.o
    0x08000130   0x08000130   0x00000000   Code   RO         4071  * .ARM.Collect$$$$00000000  mc_w.l(entry.o)
    0x08000130   0x08000130   0x00000004   Code   RO         4353    .ARM.Collect$$$$00000001  mc_w.l(entry2.o)
    0x08000134   0x08000134   0x00000004   Code   RO         4356    .ARM.Collect$$$$00000004  mc_w.l(entry5.o)
    0x08000138   0x08000138   0x00000000   Code   RO         4358    .ARM.Collect$$$$00000008  mc_w.l(entry7b.o)
    0x08000138   0x08000138   0x00000000   Code   RO         4360    .ARM.Collect$$$$0000000A  mc_w.l(entry8b.o)
    0x08000138   0x08000138   0x00000008   Code   RO         4361    .ARM.Collect$$$$0000000B  mc_w.l(entry9a.o)
    0x08000140   0x08000140   0x00000000   Code   RO         4363    .ARM.Collect$$$$0000000D  mc_w.l(entry10a.o)
    0x08000140   0x08000140   0x00000000   Code   RO         4365    .ARM.Collect$$$$0000000F  mc_w.l(entry11a.o)
    0x08000140   0x08000140   0x00000004   Code   RO         4354    .ARM.Collect$$$$00002712  mc_w.l(entry2.o)
    0x08000144   0x08000144   0x00000024   Code   RO            4    .text               startup_stm32f103xe.o
    0x08000168   0x08000168   0x00000020   Code   RO         4074    .text               mc_w.l(llushr.o)
    0x08000188   0x08000188   0x00000024   Code   RO         4076    .text               mc_w.l(memseta.o)
    0x080001ac   0x080001ac   0x0000002c   Code   RO         4368    .text               mc_w.l(uidiv.o)
    0x080001d8   0x080001d8   0x00000062   Code   RO         4370    .text               mc_w.l(uldiv.o)
    0x0800023a   0x0800023a   0x00000000   Code   RO         4372    .text               mc_w.l(iusefp.o)
    0x0800023a   0x0800023a   0x0000014e   Code   RO         4373    .text               mf_w.l(dadd.o)
    0x08000388   0x08000388   0x000000e4   Code   RO         4375    .text               mf_w.l(dmul.o)
    0x0800046c   0x0800046c   0x000000de   Code   RO         4377    .text               mf_w.l(ddiv.o)
    0x0800054a   0x0800054a   0x00000030   Code   RO         4379    .text               mf_w.l(dfixul.o)
    0x0800057a   0x0800057a   0x00000002   PAD
    0x0800057c   0x0800057c   0x00000030   Code   RO         4381    .text               mf_w.l(cdrcmple.o)
    0x080005ac   0x080005ac   0x00000024   Code   RO         4383    .text               mc_w.l(init.o)
    0x080005d0   0x080005d0   0x0000001e   Code   RO         4385    .text               mc_w.l(llshl.o)
    0x080005ee   0x080005ee   0x00000024   Code   RO         4387    .text               mc_w.l(llsshr.o)
    0x08000612   0x08000612   0x000000ba   Code   RO         4389    .text               mf_w.l(depilogue.o)
    0x080006cc   0x080006cc   0x00000002   Code   RO          343    i.BusFault_Handler  stm32f1xx_it.o
    0x080006ce   0x080006ce   0x00000002   Code   RO          344    i.DebugMon_Handler  stm32f1xx_it.o
    0x080006d0   0x080006d0   0x00000010   Code   RO          345    i.EXTI9_5_IRQHandler  stm32f1xx_it.o
    0x080006e0   0x080006e0   0x00000002   Code   RO           13    i.Error_Handler     main.o
    0x080006e2   0x080006e2   0x00000002   PAD
    0x080006e4   0x080006e4   0x00000130   Code   RO         1198    i.HAL_DMA_Abort_IT  stm32f1xx_hal_dma.o
    0x08000814   0x08000814   0x00000024   Code   RO          825    i.HAL_Delay         stm32f1xx_hal.o
    0x08000838   0x08000838   0x00000002   Code   RO         1131    i.HAL_GPIO_EXTI_Callback  stm32f1xx_hal_gpio.o
    0x0800083a   0x0800083a   0x00000002   PAD
    0x0800083c   0x0800083c   0x00000018   Code   RO         1132    i.HAL_GPIO_EXTI_IRQHandler  stm32f1xx_hal_gpio.o
    0x08000854   0x08000854   0x000001f8   Code   RO         1133    i.HAL_GPIO_Init     stm32f1xx_hal_gpio.o
    0x08000a4c   0x08000a4c   0x00000010   Code   RO         1136    i.HAL_GPIO_TogglePin  stm32f1xx_hal_gpio.o
    0x08000a5c   0x08000a5c   0x0000000a   Code   RO         1137    i.HAL_GPIO_WritePin  stm32f1xx_hal_gpio.o
    0x08000a66   0x08000a66   0x00000002   PAD
    0x08000a68   0x08000a68   0x0000000c   Code   RO          829    i.HAL_GetTick       stm32f1xx_hal.o
    0x08000a74   0x08000a74   0x00000010   Code   RO          835    i.HAL_IncTick       stm32f1xx_hal.o
    0x08000a84   0x08000a84   0x00000024   Code   RO          836    i.HAL_Init          stm32f1xx_hal.o
    0x08000aa8   0x08000aa8   0x00000040   Code   RO          837    i.HAL_InitTick      stm32f1xx_hal.o
    0x08000ae8   0x08000ae8   0x0000003c   Code   RO          436    i.HAL_MspInit       stm32f1xx_hal_msp.o
    0x08000b24   0x08000b24   0x00000022   Code   RO         1292    i.HAL_NVIC_DisableIRQ  stm32f1xx_hal_cortex.o
    0x08000b46   0x08000b46   0x0000001a   Code   RO         1293    i.HAL_NVIC_EnableIRQ  stm32f1xx_hal_cortex.o
    0x08000b60   0x08000b60   0x00000040   Code   RO         1299    i.HAL_NVIC_SetPriority  stm32f1xx_hal_cortex.o
    0x08000ba0   0x08000ba0   0x00000024   Code   RO         1300    i.HAL_NVIC_SetPriorityGrouping  stm32f1xx_hal_cortex.o
    0x08000bc4   0x08000bc4   0x0000012c   Code   RO          993    i.HAL_RCC_ClockConfig  stm32f1xx_hal_rcc.o
    0x08000cf0   0x08000cf0   0x00000020   Code   RO         1000    i.HAL_RCC_GetPCLK1Freq  stm32f1xx_hal_rcc.o
    0x08000d10   0x08000d10   0x00000020   Code   RO         1001    i.HAL_RCC_GetPCLK2Freq  stm32f1xx_hal_rcc.o
    0x08000d30   0x08000d30   0x0000006c   Code   RO         1002    i.HAL_RCC_GetSysClockFreq  stm32f1xx_hal_rcc.o
    0x08000d9c   0x08000d9c   0x00000320   Code   RO         1005    i.HAL_RCC_OscConfig  stm32f1xx_hal_rcc.o
    0x080010bc   0x080010bc   0x000000b2   Code   RO          507    i.HAL_SPI_Init      stm32f1xx_hal_spi.o
    0x0800116e   0x0800116e   0x00000002   PAD
    0x08001170   0x08001170   0x00000074   Code   RO          212    i.HAL_SPI_MspInit   spi.o
    0x080011e4   0x080011e4   0x000001e2   Code   RO          516    i.HAL_SPI_TransmitReceive  stm32f1xx_hal_spi.o
    0x080013c6   0x080013c6   0x00000028   Code   RO         1304    i.HAL_SYSTICK_Config  stm32f1xx_hal_cortex.o
    0x080013ee   0x080013ee   0x00000002   Code   RO         2499    i.HAL_TIMEx_BreakCallback  stm32f1xx_hal_tim_ex.o
    0x080013f0   0x080013f0   0x00000002   Code   RO         2500    i.HAL_TIMEx_CommutCallback  stm32f1xx_hal_tim_ex.o
    0x080013f2   0x080013f2   0x00000002   PAD
    0x080013f4   0x080013f4   0x0000007c   Code   RO         2518    i.HAL_TIMEx_MasterConfigSynchronization  stm32f1xx_hal_tim_ex.o
    0x08001470   0x08001470   0x0000005a   Code   RO         1795    i.HAL_TIM_Base_Init  stm32f1xx_hal_tim.o
    0x080014ca   0x080014ca   0x00000002   PAD
    0x080014cc   0x080014cc   0x00000020   Code   RO          253    i.HAL_TIM_Base_MspDeInit  tim.o
    0x080014ec   0x080014ec   0x00000038   Code   RO          254    i.HAL_TIM_Base_MspInit  tim.o
    0x08001524   0x08001524   0x000000d6   Code   RO         1804    i.HAL_TIM_ConfigClockSource  stm32f1xx_hal_tim.o
    0x080015fa   0x080015fa   0x00000002   Code   RO         1829    i.HAL_TIM_IC_CaptureCallback  stm32f1xx_hal_tim.o
    0x080015fc   0x080015fc   0x00000166   Code   RO         1843    i.HAL_TIM_IRQHandler  stm32f1xx_hal_tim.o
    0x08001762   0x08001762   0x00000002   Code   RO         1846    i.HAL_TIM_OC_DelayElapsedCallback  stm32f1xx_hal_tim.o
    0x08001764   0x08001764   0x00000002   Code   RO         1873    i.HAL_TIM_PWM_PulseFinishedCallback  stm32f1xx_hal_tim.o
    0x08001766   0x08001766   0x00000002   Code   RO         1881    i.HAL_TIM_PeriodElapsedCallback  stm32f1xx_hal_tim.o
    0x08001768   0x08001768   0x00000002   Code   RO         1886    i.HAL_TIM_TriggerCallback  stm32f1xx_hal_tim.o
    0x0800176a   0x0800176a   0x00000002   Code   RO         2787    i.HAL_UART_ErrorCallback  stm32f1xx_hal_uart.o
    0x0800176c   0x0800176c   0x0000015c   Code   RO         2790    i.HAL_UART_IRQHandler  stm32f1xx_hal_uart.o
    0x080018c8   0x080018c8   0x00000062   Code   RO         2791    i.HAL_UART_Init     stm32f1xx_hal_uart.o
    0x0800192a   0x0800192a   0x00000002   PAD
    0x0800192c   0x0800192c   0x00000080   Code   RO          296    i.HAL_UART_MspInit  usart.o
    0x080019ac   0x080019ac   0x00000002   Code   RO         2797    i.HAL_UART_RxCpltCallback  stm32f1xx_hal_uart.o
    0x080019ae   0x080019ae   0x00000002   PAD
    0x080019b0   0x080019b0   0x000000b2   Code   RO         2799    i.HAL_UART_Transmit  stm32f1xx_hal_uart.o
    0x08001a62   0x08001a62   0x00000002   Code   RO         2802    i.HAL_UART_TxCpltCallback  stm32f1xx_hal_uart.o
    0x08001a64   0x08001a64   0x00000002   Code   RO          346    i.HardFault_Handler  stm32f1xx_it.o
    0x08001a66   0x08001a66   0x00000002   PAD
    0x08001a68   0x08001a68   0x000000f8   Code   RO          187    i.MX_GPIO_Init      gpio.o
    0x08001b60   0x08001b60   0x00000048   Code   RO          213    i.MX_SPI2_Init      spi.o
    0x08001ba8   0x08001ba8   0x00000064   Code   RO          255    i.MX_TIM2_Init      tim.o
    0x08001c0c   0x08001c0c   0x00000038   Code   RO          297    i.MX_USART1_UART_Init  usart.o
    0x08001c44   0x08001c44   0x00000002   Code   RO          347    i.MemManage_Handler  stm32f1xx_it.o
    0x08001c46   0x08001c46   0x00000002   Code   RO          348    i.NMI_Handler       stm32f1xx_it.o
    0x08001c48   0x08001c48   0x0000006c   Code   RO         3350    i.PHY_check         w5100s_conf.o
    0x08001cb4   0x08001cb4   0x00000002   Code   RO          349    i.PendSV_Handler    stm32f1xx_it.o
    0x08001cb6   0x08001cb6   0x00000020   Code   RO          545    i.SPI_EndRxTxTransaction  stm32f1xx_hal_spi.o
    0x08001cd6   0x08001cd6   0x00000002   PAD
    0x08001cd8   0x08001cd8   0x000000b8   Code   RO          550    i.SPI_WaitFlagStateUntilTimeout  stm32f1xx_hal_spi.o
    0x08001d90   0x08001d90   0x00000002   Code   RO          350    i.SVC_Handler       stm32f1xx_it.o
    0x08001d92   0x08001d92   0x00000004   Code   RO          351    i.SysTick_Handler   stm32f1xx_it.o
    0x08001d96   0x08001d96   0x0000004e   Code   RO           14    i.SystemClock_Config  main.o
    0x08001de4   0x08001de4   0x00000002   Code   RO         3088    i.SystemInit        system_stm32f1xx.o
    0x08001de6   0x08001de6   0x00000002   PAD
    0x08001de8   0x08001de8   0x0000000c   Code   RO          352    i.TIM2_IRQHandler   stm32f1xx_it.o
    0x08001df4   0x08001df4   0x0000008c   Code   RO         1888    i.TIM_Base_SetConfig  stm32f1xx_hal_tim.o
    0x08001e80   0x08001e80   0x00000014   Code   RO         1899    i.TIM_ETR_SetConfig  stm32f1xx_hal_tim.o
    0x08001e94   0x08001e94   0x00000010   Code   RO         1900    i.TIM_ITRx_SetConfig  stm32f1xx_hal_tim.o
    0x08001ea4   0x08001ea4   0x00000022   Code   RO         1906    i.TIM_TI1_ConfigInputStage  stm32f1xx_hal_tim.o
    0x08001ec6   0x08001ec6   0x00000024   Code   RO         1908    i.TIM_TI2_ConfigInputStage  stm32f1xx_hal_tim.o
    0x08001eea   0x08001eea   0x00000010   Code   RO         2804    i.UART_DMAAbortOnError  stm32f1xx_hal_uart.o
    0x08001efa   0x08001efa   0x0000001c   Code   RO         2814    i.UART_EndRxTransfer  stm32f1xx_hal_uart.o
    0x08001f16   0x08001f16   0x0000008c   Code   RO         2816    i.UART_Receive_IT   stm32f1xx_hal_uart.o
    0x08001fa2   0x08001fa2   0x00000002   PAD
    0x08001fa4   0x08001fa4   0x000000b8   Code   RO         2817    i.UART_SetConfig    stm32f1xx_hal_uart.o
    0x0800205c   0x0800205c   0x00000064   Code   RO         2818    i.UART_WaitOnFlagUntilTimeout  stm32f1xx_hal_uart.o
    0x080020c0   0x080020c0   0x0000000c   Code   RO          353    i.USART1_IRQHandler  stm32f1xx_it.o
    0x080020cc   0x080020cc   0x00000002   Code   RO          354    i.UsageFault_Handler  stm32f1xx_it.o
    0x080020ce   0x080020ce   0x00000002   PAD
    0x080020d0   0x080020d0   0x00000038   Code   RO         3753    i.WIZCHIP_READ      w5100s.o
    0x08002108   0x08002108   0x0000004c   Code   RO         3754    i.WIZCHIP_READ_BUF  w5100s.o
    0x08002154   0x08002154   0x0000003c   Code   RO         3755    i.WIZCHIP_WRITE     w5100s.o
    0x08002190   0x08002190   0x0000004c   Code   RO         3756    i.WIZCHIP_WRITE_BUF  w5100s.o
    0x080021dc   0x080021dc   0x00000020   Code   RO         4325    i.__0printf         mc_w.l(printfa.o)
    0x080021fc   0x080021fc   0x00000020   Code   RO         1306    i.__NVIC_SetPriority  stm32f1xx_hal_cortex.o
    0x0800221c   0x0800221c   0x0000000e   Code   RO         4393    i.__scatterload_copy  mc_w.l(handlers.o)
    0x0800222a   0x0800222a   0x00000002   Code   RO         4394    i.__scatterload_null  mc_w.l(handlers.o)
    0x0800222c   0x0800222c   0x0000000e   Code   RO         4395    i.__scatterload_zeroinit  mc_w.l(handlers.o)
    0x0800223a   0x0800223a   0x00000002   PAD
    0x0800223c   0x0800223c   0x00000184   Code   RO         4332    i._fp_digits        mc_w.l(printfa.o)
    0x080023c0   0x080023c0   0x000006dc   Code   RO         4333    i._printf_core      mc_w.l(printfa.o)
    0x08002a9c   0x08002a9c   0x00000024   Code   RO         4334    i._printf_post_padding  mc_w.l(printfa.o)
    0x08002ac0   0x08002ac0   0x0000002e   Code   RO         4335    i._printf_pre_padding  mc_w.l(printfa.o)
    0x08002aee   0x08002aee   0x00000002   PAD
    0x08002af0   0x08002af0   0x00000070   Code   RO         3616    i.close             socket.o
    0x08002b60   0x08002b60   0x00000010   Code   RO         4014    i.cs_high           bsp_spi.o
    0x08002b70   0x08002b70   0x00000010   Code   RO         4015    i.cs_low            bsp_spi.o
    0x08002b80   0x08002b80   0x00000018   Code   RO          298    i.fputc             usart.o
    0x08002b98   0x08002b98   0x00000006   Code   RO         3352    i.getPHYStatus      w5100s_conf.o
    0x08002b9e   0x08002b9e   0x00000002   PAD
    0x08002ba0   0x08002ba0   0x0000001c   Code   RO         3712    i.hw_ping           hw_ping.o
    0x08002bbc   0x08002bbc   0x0000017c   Code   RO           15    i.main              main.o
    0x08002d38   0x08002d38   0x00000024   Code   RO         3129    i.reg_wizchip_cs_cbfunc  wizchip_conf.o
    0x08002d5c   0x08002d5c   0x0000002c   Code   RO         3130    i.reg_wizchip_spi_cbfunc  wizchip_conf.o
    0x08002d88   0x08002d88   0x00000030   Code   RO         3355    i.reset_w5100s      w5100s_conf.o
    0x08002db8   0x08002db8   0x00000084   Code   RO         3356    i.set_w5100s_mac    w5100s_conf.o
    0x08002e3c   0x08002e3c   0x0000017c   Code   RO         3357    i.set_w5100s_netinfo  w5100s_conf.o
    0x08002fb8   0x08002fb8   0x0000001c   Code   RO         4016    i.spi_read_byte     bsp_spi.o
    0x08002fd4   0x08002fd4   0x0000001c   Code   RO         4017    i.spi_send_byte     bsp_spi.o
    0x08002ff0   0x08002ff0   0x00000018   Code   RO         3358    i.sysinit           w5100s_conf.o
    0x08003008   0x08003008   0x00000004   Code   RO         3132    i.wizchip_bus_readdata  wizchip_conf.o
    0x0800300c   0x0800300c   0x00000004   Code   RO         3133    i.wizchip_bus_writedata  wizchip_conf.o
    0x08003010   0x08003010   0x00000002   Code   RO         3135    i.wizchip_cris_enter  wizchip_conf.o
    0x08003012   0x08003012   0x00000002   Code   RO         3136    i.wizchip_cris_exit  wizchip_conf.o
    0x08003014   0x08003014   0x00000002   Code   RO         3137    i.wizchip_cs_deselect  wizchip_conf.o
    0x08003016   0x08003016   0x00000002   Code   RO         3138    i.wizchip_cs_select  wizchip_conf.o
    0x08003018   0x08003018   0x00000004   Code   RO         3150    i.wizchip_spi_readbyte  wizchip_conf.o
    0x0800301c   0x0800301c   0x00000002   Code   RO         3152    i.wizchip_spi_writebyte  wizchip_conf.o
    0x0800301e   0x0800301e   0x00000010   Data   RO         3089    .constdata          system_stm32f1xx.o
    0x0800302e   0x0800302e   0x00000008   Data   RO         3090    .constdata          system_stm32f1xx.o
    0x08003036   0x08003036   0x00000002   PAD
    0x08003038   0x08003038   0x00000095   Data   RO           16    .conststring        main.o
    0x080030cd   0x080030cd   0x00000003   PAD
    0x080030d0   0x080030d0   0x00000020   Data   RO         4391    Region$$Table       anon$$obj.o


    Execution Region RW_IRAM1 (Exec base: 0x20000000, Load base: 0x080030f0, Size: 0x00000588, Max: 0x0000c000, ABSOLUTE)

    Exec Addr    Load Addr    Size         Type   Attr      Idx    E Section Name        Object

    0x20000000   0x080030f0   0x00000006   Data   RW           17    .data               main.o
    0x20000006   0x080030f6   0x00000002   PAD
    0x20000008   0x080030f8   0x0000000c   Data   RW          843    .data               stm32f1xx_hal.o
    0x20000014   0x08003104   0x00000004   Data   RW         3091    .data               system_stm32f1xx.o
    0x20000018   0x08003108   0x00000034   Data   RW         3160    .data               wizchip_conf.o
    0x2000004c   0x0800313c   0x0000001e   Data   RW         3365    .data               w5100s_conf.o
    0x2000006a   0x0800315a   0x00000012   Data   RW         3628    .data               socket.o
    0x2000007c   0x0800316c   0x00000004   Data   RW         3714    .data               hw_ping.o
    0x20000080   0x08003170   0x00000001   Data   RW         3715    .data               hw_ping.o
    0x20000081   0x08003171   0x00000003   PAD
    0x20000084   0x08003174   0x00000004   Data   RW         4367    .data               mc_w.l(stdout.o)
    0x20000088        -       0x00000058   Zero   RW          214    .bss                spi.o
    0x200000e0        -       0x00000048   Zero   RW          256    .bss                tim.o
    0x20000128        -       0x00000040   Zero   RW          299    .bss                usart.o
    0x20000168        -       0x0000001c   Zero   RW         3361    .bss                w5100s_conf.o
    0x20000184   0x08003178   0x00000004   PAD
    0x20000188        -       0x00000400   Zero   RW            1    STACK               startup_stm32f103xe.o


==============================================================================

Image component sizes


      Code (inc. data)   RO Data    RW Data    ZI Data      Debug   Object Name

        88         18          0          0          0       2287   bsp_spi.o
       248         22          0          0          0       1019   gpio.o
        28          4          0          5          0       1149   hw_ping.o
       460        116        149          6          0     495109   main.o
       112          6          0         18          0       1705   socket.o
       188         24          0          0         88       1709   spi.o
        36          8        304          0       1024        828   startup_stm32f103xe.o
       164         28          0         12          0       6693   stm32f1xx_hal.o
       232         14          0          0          0      29769   stm32f1xx_hal_cortex.o
       304          8          0          0          0       1215   stm32f1xx_hal_dma.o
       556         48          0          0          0       4777   stm32f1xx_hal_gpio.o
        60          8          0          0          0        890   stm32f1xx_hal_msp.o
      1272        100          0          0          0       5332   stm32f1xx_hal_rcc.o
       876          4          0          0          0       4817   stm32f1xx_hal_spi.o
       918         20          0          0          0       9877   stm32f1xx_hal_tim.o
       128         20          0          0          0       2465   stm32f1xx_hal_tim_ex.o
      1098         10          0          0          0       9003   stm32f1xx_hal_uart.o
        60         16          0          0          0       5365   stm32f1xx_it.o
         2          0         24          4          0       1167   system_stm32f1xx.o
       188         16          0          0         72       2215   tim.o
       208         24          0          0         64       2230   usart.o
       268         18          0          0          0       2930   w5100s.o
       698        286          0         30         28       5518   w5100s_conf.o
       102         28          0         52          0       9477   wizchip_conf.o

    ----------------------------------------------------------------------
      8322        846        514        132       1280     607546   Object Totals
         0          0         32          0          0          0   (incl. Generated)
        28          0          5          5          4          0   (incl. Padding)

    ----------------------------------------------------------------------

      Code (inc. data)   RO Data    RW Data    ZI Data      Debug   Library Member Name

         0          0          0          0          0          0   entry.o
         0          0          0          0          0          0   entry10a.o
         0          0          0          0          0          0   entry11a.o
         8          4          0          0          0          0   entry2.o
         4          0          0          0          0          0   entry5.o
         0          0          0          0          0          0   entry7b.o
         0          0          0          0          0          0   entry8b.o
         8          4          0          0          0          0   entry9a.o
        30          0          0          0          0          0   handlers.o
        36          8          0          0          0         68   init.o
         0          0          0          0          0          0   iusefp.o
        30          0          0          0          0         68   llshl.o
        36          0          0          0          0         68   llsshr.o
        32          0          0          0          0         68   llushr.o
        36          0          0          0          0        108   memseta.o
      2258         90          0          0          0        452   printfa.o
         0          0          0          4          0          0   stdout.o
        44          0          0          0          0         80   uidiv.o
        98          0          0          0          0         92   uldiv.o
        48          0          0          0          0         68   cdrcmple.o
       334          0          0          0          0        148   dadd.o
       222          0          0          0          0        100   ddiv.o
       186          0          0          0          0        176   depilogue.o
        48          0          0          0          0         68   dfixul.o
       228          0          0          0          0         96   dmul.o

    ----------------------------------------------------------------------
      3692        106          0          4          0       1660   Library Totals
         6          0          0          0          0          0   (incl. Padding)

    ----------------------------------------------------------------------

      Code (inc. data)   RO Data    RW Data    ZI Data      Debug   Library Name

      2620        106          0          4          0       1004   mc_w.l
      1066          0          0          0          0        656   mf_w.l

    ----------------------------------------------------------------------
      3692        106          0          4          0       1660   Library Totals

    ----------------------------------------------------------------------

==============================================================================


      Code (inc. data)   RO Data    RW Data    ZI Data      Debug   

     12014        952        514        136       1280     603326   Grand Totals
     12014        952        514        136       1280     603326   ELF Image Totals
     12014        952        514        136          0          0   ROM Totals

==============================================================================

    Total RO  Size (Code + RO Data)                12528 (  12.23kB)
    Total RW  Size (RW Data + ZI Data)              1416 (   1.38kB)
    Total ROM Size (Code + RO Data + RW Data)      12664 (  12.37kB)

==============================================================================

