<html>
<body>
<pre>
<h1>µVision Build Log</h1>
<h2>Tool Versions:</h2>
IDE-Version: ¦ÌVision V5.31.0.0
Copyright (C) 2020 ARM Ltd and ARM Germany GmbH. All rights reserved.
License Information: gao bad_app, HP Inc., LIC=UJWP0-B724D-9UD4U-SQDP5-HZEPT-RWW3M
 
Tool Versions:
Toolchain:       MDK-ARM Plus  Version: 5.31.0.0
Toolchain Path:  C:\Keil_v5\ARM\ARMCC\Bin
C Compiler:      Armcc.exe V5.06 update 6 (build 750)
Assembler:       Armasm.exe V5.06 update 6 (build 750)
Linker/Locator:  ArmLink.exe V5.06 update 6 (build 750)
Library Manager: ArmAr.exe V5.06 update 6 (build 750)
Hex Converter:   FromElf.exe V5.06 update 6 (build 750)
CPU DLL:         SARMCM3.DLL V5.31.0.0
Dialog DLL:      DCM.DLL V1.17.3.0
Target DLL:      Segger\JL2CM3.dll V2.99.38.0
Dialog DLL:      TCM.DLL V1.46.0.0
 
<h2>Project:</h2>
D:\Work\stm32\STM32_ALL_Peripheral_Application\STM32F4\HAL_LIB\uart\MDK-ARM\uart.uvprojx
Project File Date:  09/26/2020

<h2>Output:</h2>
*** Using Compiler 'V5.06 update 6 (build 750)', folder: 'C:\Keil_v5\ARM\ARMCC\Bin'
Build target 'uart'
assembling startup_stm32f427xx.s...
compiling gpio.c...
compiling stm32f4xx_hal_msp.c...
compiling stm32f4xx_hal_tim_ex.c...
compiling tim.c...
compiling usart.c...
compiling stm32f4xx_it.c...
compiling main.c...
../Src/main.c(70): warning:  #223-D: function "strlen" declared implicitly
  	uint8_t len = strlen(message);
../Src/main.c(73): warning:  #223-D: function "strstr" declared implicitly
  		if(strstr(message+6, "on") != NULL){
../Src/main.c(80): warning:  #223-D: function "strstr" declared implicitly
  		if(strstr(message+6, "on") != NULL){
../Src/main.c(90): warning:  #223-D: function "strlen" declared implicitly
  	HAL_UART_Transmit(&huart3, cmd, strlen(cmd),128);
../Src/main.c(101): warning:  #223-D: function "strstr" declared implicitly
  			if(strstr(rxbuffer_uart1, "led") != NULL){
../Src/main.c(162): warning:  #223-D: function "strlen" declared implicitly
  	HAL_UART_Transmit(&huart1, message, strlen(message),128);
../Src/main.c: 6 warnings, 0 errors
compiling stm32f4xx_hal_tim.c...
compiling stm32f4xx_hal_flash_ramfunc.c...
compiling stm32f4xx_hal_gpio.c...
compiling stm32f4xx_hal_flash_ex.c...
compiling stm32f4xx_hal_flash.c...
compiling stm32f4xx_hal_rcc.c...
compiling stm32f4xx_hal_rcc_ex.c...
compiling stm32f4xx_hal_dma.c...
compiling stm32f4xx_hal_dma_ex.c...
compiling stm32f4xx_hal_pwr.c...
compiling stm32f4xx_hal.c...
compiling stm32f4xx_hal_pwr_ex.c...
compiling stm32f4xx_hal_cortex.c...
compiling system_stm32f4xx.c...
compiling stm32f4xx_hal_exti.c...
compiling stm32f4xx_hal_uart.c...
linking...
Program Size: Code=6676 RO-data=868 RW-data=20 ZI-data=1348  
FromELF: creating hex file...
"uart\uart.axf" - 0 Error(s), 6 Warning(s).

<h2>Software Packages used:</h2>

Package Vendor: ARM
                http://www.keil.com/pack/ARM.CMSIS.5.7.0.pack
                ARM.CMSIS.5.7.0
                CMSIS (Cortex Microcontroller Software Interface Standard)
   * Component: CORE Version: 5.4.0

Package Vendor: Keil
                http://www.keil.com/pack/Keil.STM32F4xx_DFP.2.13.0.pack
                Keil.STM32F4xx_DFP.2.13.0
                STMicroelectronics STM32F4 Series Device Support, Drivers and Examples

<h2>Collection of Component include folders:</h2>
  .\RTE\_uart
  C:\Users\bad_a\AppData\Local\Arm\Packs\ARM\CMSIS\5.7.0\CMSIS\Core\Include
  C:\Users\bad_a\AppData\Local\Arm\Packs\Keil\STM32F4xx_DFP\2.13.0\Drivers\CMSIS\Device\ST\STM32F4xx\Include

<h2>Collection of Component Files used:</h2>

   * Component: ARM::CMSIS:CORE:5.4.0
Build Time Elapsed:  00:00:49
</pre>
</body>
</html>
